../Drivers/BSP/Components/mx25l6433f/ospi/mx25l6433f.c:141:9:MX25L6433F_DeInit	8	static
../Drivers/BSP/Components/mx25l6433f/ospi/mx25l6433f.c:169:9:MX25L6433F_GetFlashInfo	0	static
../Drivers/BSP/Components/mx25l6433f/ospi/mx25l6433f.c:1324:9:MX25L6433F_ResetEnable	88	static
../Drivers/BSP/Components/mx25l6433f/ospi/mx25l6433f.c:1358:9:MX25L6433F_ResetMemory	88	static
../Drivers/BSP/Components/mx25l6433f/ospi/mx25l6433f.c:69:9:MX25L6433F_RegisterBusIO	0	static
../Drivers/BSP/Components/mx25l6433f/ospi/mx25l6433f.c:190:9:MX25L6433F_AutoPollingMemReady	120	static
../Drivers/BSP/Components/mx25l6433f/ospi/mx25l6433f.c:245:9:MX25L6433F_Read	104	static
../Drivers/BSP/Components/mx25l6433f/ospi/mx25l6433f.c:334:9:MX25L6433F_ReadDMA	104	static
../Drivers/BSP/Components/mx25l6433f/ospi/mx25l6433f.c:745:9:MX25L6433F_ReadID	104	static
../Drivers/BSP/Components/mx25l6433f/ospi/mx25l6433f.c:967:9:MX25L6433F_EnableMemoryMappedMode	104	static
../Drivers/BSP/Components/mx25l6433f/ospi/mx25l6433f.c:1061:9:MX25L6433F_WriteEnable	120	static
../Drivers/BSP/Components/mx25l6433f/ospi/mx25l6433f.c:425:9:MX25L6433F_PageProgram	104	static
../Drivers/BSP/Components/mx25l6433f/ospi/mx25l6433f.c:504:9:MX25L6433F_PageProgramDMA	104	static
../Drivers/BSP/Components/mx25l6433f/ospi/mx25l6433f.c:578:9:MX25L6433F_BlockErase	128	static
../Drivers/BSP/Components/mx25l6433f/ospi/mx25l6433f.c:670:9:MX25L6433F_ChipErase	120	static
../Drivers/BSP/Components/mx25l6433f/ospi/mx25l6433f.c:794:9:MX25L6433F_EnableQuadMode	128	static
../Drivers/BSP/Components/mx25l6433f/ospi/mx25l6433f.c:106:9:MX25L6433F_Init	8	static
../Drivers/BSP/Components/mx25l6433f/ospi/mx25l6433f.c:883:9:MX25L6433F_DisableQuadMode	128	static
../Drivers/BSP/Components/mx25l6433f/ospi/mx25l6433f.c:1119:9:MX25L6433F_WriteDisable	88	static
../Drivers/BSP/Components/mx25l6433f/ospi/mx25l6433f.c:1154:9:MX25L6433F_ReadStatusRegister	104	static
../Drivers/BSP/Components/mx25l6433f/ospi/mx25l6433f.c:1193:9:MX25L6433F_ReadCfgRegister	104	static
../Drivers/BSP/Components/mx25l6433f/ospi/mx25l6433f.c:1250:9:MX25L6433F_WriteCfgRegister	104	static
../Drivers/BSP/Components/mx25l6433f/ospi/mx25l6433f.c:1392:9:MX25L6433F_NoOperation	88	static
../Drivers/BSP/Components/mx25l6433f/ospi/mx25l6433f.c:1421:9:MX25L6433F_Delay	8	static
