../DISPLAY/Target/lcd_io.c:103:9:BSP_LCD_Init	24	static
../DISPLAY/Target/lcd_io.c:133:9:BSP_LCD_DeInit	24	static
../DISPLAY/Target/lcd_io.c:165:9:BSP_LCD_SetOrientation	24	static
../DISPLAY/Target/lcd_io.c:206:9:BSP_LCD_GetOrientation	24	static
../DISPLAY/Target/lcd_io.c:242:9:BSP_LCD_GetXSize	24	static
../DISPLAY/Target/lcd_io.c:278:9:BSP_LCD_GetYSize	24	static
../DISPLAY/Target/lcd_io.c:313:9:BSP_LCD_DisplayOn	24	static
../DISPLAY/Target/lcd_io.c:348:9:BSP_LCD_DisplayOff	24	static
../DISPLAY/Target/lcd_io.c:385:9:BSP_LCD_WriteData	32	static
../DISPLAY/Target/lcd_io.c:423:9:BSP_LCD_WriteDataDMA	32	static
../DISPLAY/Target/lcd_io.c:460:9:BSP_LCD_SetDisplayWindow	48	static
../DISPLAY/Target/lcd_io.c:502:9:BSP_LCD_FillRGBRect	40	static
../DISPLAY/Target/lcd_io.c:532:9:BSP_LCD_GetTransferStatus	16	static
../DISPLAY/Target/lcd_io.c:543:6:BSP_LCD_WaitForTransferToBeDone	16	static
../DISPLAY/Target/lcd_io.c:555:13:BSP_LCD_SignalTransferDone	16	static
../DISPLAY/Target/lcd_io.c:569:13:BSP_LCD_SignalTearingEffectEvent	16	static
../DISPLAY/Target/lcd_io.c:602:16:LCD_Probe	80	static
../DISPLAY/Target/lcd_io.c:675:13:LCD_TERisingCallback	8	static
../DISPLAY/Target/lcd_io.c:688:13:LCD_TEFallingCallback	8	static
../DISPLAY/Target/lcd_io.c:700:16:LCD_IO_GetTick	16	static
../DISPLAY/Target/lcd_io.c:712:16:LCD_IO_Delay	16	static
../DISPLAY/Target/lcd_io.c:722:22:FMC_BANK1_WriteReg	16	static,ignoring_inline_asm
../DISPLAY/Target/lcd_io.c:733:22:FMC_BANK1_WriteData	16	static,ignoring_inline_asm
../DISPLAY/Target/lcd_io.c:744:25:FMC_BANK1_ReadData	4	static
../DISPLAY/Target/lcd_io.c:754:35:GPDMA_Queue_Config	136	static
../DISPLAY/Target/lcd_io.c:830:16:LCD_SetupBaudRateForReadOperations	16	static
../DISPLAY/Target/lcd_io.c:843:16:LCD_SetupBaudRateForWriteOperations	16	static
../DISPLAY/Target/lcd_io.c:857:13:DMA_TxCpltCallback	16	static
../DISPLAY/Target/lcd_io.c:875:13:DMA_TxErrorCallback	16	static,ignoring_inline_asm
../DISPLAY/Target/lcd_io.c:888:16:LCD_IO_Init	8	static
../DISPLAY/Target/lcd_io.c:918:16:LCD_IO_DeInit	4	static
../DISPLAY/Target/lcd_io.c:933:16:LCD_IO_WriteReg	16	static
../DISPLAY/Target/lcd_io.c:947:16:LCD_IO_ReadReg	16	static
../DISPLAY/Target/lcd_io.c:962:16:LCD_IO_SendData	24	static
../DISPLAY/Target/lcd_io.c:980:16:LCD_IO_SendDataDMA	32	static
../DISPLAY/Target/lcd_io.c:1047:16:LCD_IO_RecvData	32	static
../DISPLAY/Target/lcd_io.c:1069:16:LCD_IO_RecvDataDMA	16	static
