../Core/Src/main.c:78:5:main	8	static
../Core/Src/main.c:132:6:SystemClock_Config	128	static
../Core/Src/main.c:188:13:SystemPower_Config	8	static
../Core/Src/main.c:213:13:MX_ADC1_Init	8	static
../Core/Src/main.c:257:13:MX_GPDMA1_Init	16	static
../Core/Src/main.c:299:13:MX_ICACHE_Init	8	static
../Core/Src/main.c:331:13:MX_OCTOSPI1_Init	40	static
../Core/Src/main.c:385:13:MX_FMC_Init	72	static
../Core/Src/main.c:455:13:MX_GPIO_Init	56	static
../Core/Src/main.c:552:6:Error_Handler	4	static,ignoring_inline_asm
