../Core/Src/stm32u5xx_hal_msp.c:63:6:HAL_MspInit	16	static
../Core/Src/stm32u5xx_hal_msp.c:88:6:HAL_ADC_MspInit	240	static
../Core/Src/stm32u5xx_hal_msp.c:132:6:HAL_ADC_MspDeInit	16	static
../Core/Src/stm32u5xx_hal_msp.c:160:6:HAL_OSPI_MspInit	256	static
../Core/Src/stm32u5xx_hal_msp.c:228:6:HAL_OSPI_MspDeInit	16	static
../Core/Src/stm32u5xx_hal_msp.c:262:13:HAL_FMC_MspInit	32	static
../Core/Src/stm32u5xx_hal_msp.c:310:6:HAL_SRAM_MspInit	16	static
../Core/Src/stm32u5xx_hal_msp.c:322:13:HAL_FMC_MspDeInit	8	static
../Core/Src/stm32u5xx_hal_msp.c:358:6:HAL_SRAM_MspDeInit	16	static
