../DISPLAY/Target/lcd_io.c:875:13:DMA_TxErrorCallback	0	static,ignoring_inline_asm
../DISPLAY/Target/lcd_io.c:918:16:LCD_IO_DeInit	0	static
../DISPLAY/Target/lcd_io.c:933:16:LCD_IO_WriteReg	0	static,ignoring_inline_asm
../DISPLAY/Target/lcd_io.c:947:16:LCD_IO_ReadReg	0	static
../DISPLAY/Target/lcd_io.c:962:16:LCD_IO_SendData	0	static,ignoring_inline_asm
../DISPLAY/Target/lcd_io.c:1047:16:LCD_IO_RecvData	0	static,ignoring_inline_asm
../DISPLAY/Target/lcd_io.c:712:16:LCD_IO_Delay	8	static
../DISPLAY/Target/lcd_io.c:700:16:LCD_IO_GetTick	0	static
../DISPLAY/Target/lcd_io.c:888:16:LCD_IO_Init	16	static
../DISPLAY/Target/lcd_io.c:980:16:LCD_IO_SendDataDMA	144	static
../DISPLAY/Target/lcd_io.c:1069:16:LCD_IO_RecvDataDMA	0	static
../DISPLAY/Target/lcd_io.c:103:9:BSP_LCD_Init	80	static
../DISPLAY/Target/lcd_io.c:133:9:BSP_LCD_DeInit	8	static
../DISPLAY/Target/lcd_io.c:165:9:BSP_LCD_SetOrientation	16	static
../DISPLAY/Target/lcd_io.c:206:9:BSP_LCD_GetOrientation	16	static
../DISPLAY/Target/lcd_io.c:242:9:BSP_LCD_GetXSize	16	static
../DISPLAY/Target/lcd_io.c:278:9:BSP_LCD_GetYSize	16	static
../DISPLAY/Target/lcd_io.c:313:9:BSP_LCD_DisplayOn	16	static
../DISPLAY/Target/lcd_io.c:348:9:BSP_LCD_DisplayOff	16	static
../DISPLAY/Target/lcd_io.c:385:9:BSP_LCD_WriteData	16	static
../DISPLAY/Target/lcd_io.c:423:9:BSP_LCD_WriteDataDMA	16	static
../DISPLAY/Target/lcd_io.c:460:9:BSP_LCD_SetDisplayWindow	32	static
../DISPLAY/Target/lcd_io.c:502:9:BSP_LCD_FillRGBRect	32	static
../DISPLAY/Target/lcd_io.c:532:9:BSP_LCD_GetTransferStatus	0	static
../DISPLAY/Target/lcd_io.c:543:6:BSP_LCD_WaitForTransferToBeDone	0	static
../DISPLAY/Target/lcd_io.c:555:13:BSP_LCD_SignalTransferDone	0	static
../DISPLAY/Target/lcd_io.c:857:13:DMA_TxCpltCallback	8	static
../DISPLAY/Target/lcd_io.c:569:13:BSP_LCD_SignalTearingEffectEvent	0	static
../DISPLAY/Target/lcd_io.c:688:13:LCD_TEFallingCallback	8	static
../DISPLAY/Target/lcd_io.c:675:13:LCD_TERisingCallback	8	static
