../DISPLAY/Target/mem_io.c:676:16:MEM_IO_Init	0	static
../DISPLAY/Target/mem_io.c:692:16:MEM_IO_DeInit	8	static
../DISPLAY/Target/mem_io.c:85:9:BSP_MEM_Init	32	static
../DISPLAY/Target/mem_io.c:113:9:BSP_MEM_DeInit	8	static
../DISPLAY/Target/mem_io.c:145:9:BSP_MEM_BlockErase	16	static
../DISPLAY/Target/mem_io.c:184:9:BSP_MEM_ChipErase	16	static
../DISPLAY/Target/mem_io.c:226:9:BSP_MEM_ReadData	32	static
../DISPLAY/Target/mem_io.c:268:9:BSP_MEM_ReadDataDMA	32	static
../DISPLAY/Target/mem_io.c:308:9:BSP_MEM_WriteData	104	static
../DISPLAY/Target/mem_io.c:471:9:BSP_MEM_WriteDataDMA	72	static
../DISPLAY/Target/mem_io.c:531:9:BSP_MEM_EnableMemoryMappedMode	16	static
../DISPLAY/Target/mem_io.c:570:9:BSP_MEM_GetTransferStatus	0	static
../DISPLAY/Target/mem_io.c:581:6:BSP_MEM_WaitForTransferToBeDone	0	static
../DISPLAY/Target/mem_io.c:593:13:BSP_MEM_SignalTransferDone	0	static
