Archive member included to satisfy reference by file (symbol)

C:/ST/STM32CubeIDE_1.14.1/STM32CubeIDE/plugins/com.st.stm32cube.ide.mcu.externaltools.gnu-tools-for-stm32.12.3.rel1.win32_1.0.100.202403111256/tools/bin/../lib/gcc/arm-none-eabi/12.3.1/../../../../arm-none-eabi/lib/thumb/v8-m.main+fp/hard\libc_nano.a(libc_a-exit.o)
                              C:/ST/STM32CubeIDE_1.14.1/STM32CubeIDE/plugins/com.st.stm32cube.ide.mcu.externaltools.gnu-tools-for-stm32.12.3.rel1.win32_1.0.100.202403111256/tools/bin/../lib/gcc/arm-none-eabi/12.3.1/../../../../arm-none-eabi/lib/thumb/v8-m.main+fp/hard/crt0.o (exit)
C:/ST/STM32CubeIDE_1.14.1/STM32CubeIDE/plugins/com.st.stm32cube.ide.mcu.externaltools.gnu-tools-for-stm32.12.3.rel1.win32_1.0.100.202403111256/tools/bin/../lib/gcc/arm-none-eabi/12.3.1/../../../../arm-none-eabi/lib/thumb/v8-m.main+fp/hard\libc_nano.a(libc_a-findfp.o)
                              C:/ST/STM32CubeIDE_1.14.1/STM32CubeIDE/plugins/com.st.stm32cube.ide.mcu.externaltools.gnu-tools-for-stm32.12.3.rel1.win32_1.0.100.202403111256/tools/bin/../lib/gcc/arm-none-eabi/12.3.1/../../../../arm-none-eabi/lib/thumb/v8-m.main+fp/hard\libc_nano.a(libc_a-exit.o) (__stdio_exit_handler)
C:/ST/STM32CubeIDE_1.14.1/STM32CubeIDE/plugins/com.st.stm32cube.ide.mcu.externaltools.gnu-tools-for-stm32.12.3.rel1.win32_1.0.100.202403111256/tools/bin/../lib/gcc/arm-none-eabi/12.3.1/../../../../arm-none-eabi/lib/thumb/v8-m.main+fp/hard\libc_nano.a(libc_a-fwalk.o)
                              C:/ST/STM32CubeIDE_1.14.1/STM32CubeIDE/plugins/com.st.stm32cube.ide.mcu.externaltools.gnu-tools-for-stm32.12.3.rel1.win32_1.0.100.202403111256/tools/bin/../lib/gcc/arm-none-eabi/12.3.1/../../../../arm-none-eabi/lib/thumb/v8-m.main+fp/hard\libc_nano.a(libc_a-findfp.o) (_fwalk_sglue)
C:/ST/STM32CubeIDE_1.14.1/STM32CubeIDE/plugins/com.st.stm32cube.ide.mcu.externaltools.gnu-tools-for-stm32.12.3.rel1.win32_1.0.100.202403111256/tools/bin/../lib/gcc/arm-none-eabi/12.3.1/../../../../arm-none-eabi/lib/thumb/v8-m.main+fp/hard\libc_nano.a(libc_a-stdio.o)
                              C:/ST/STM32CubeIDE_1.14.1/STM32CubeIDE/plugins/com.st.stm32cube.ide.mcu.externaltools.gnu-tools-for-stm32.12.3.rel1.win32_1.0.100.202403111256/tools/bin/../lib/gcc/arm-none-eabi/12.3.1/../../../../arm-none-eabi/lib/thumb/v8-m.main+fp/hard\libc_nano.a(libc_a-findfp.o) (__sread)
C:/ST/STM32CubeIDE_1.14.1/STM32CubeIDE/plugins/com.st.stm32cube.ide.mcu.externaltools.gnu-tools-for-stm32.12.3.rel1.win32_1.0.100.202403111256/tools/bin/../lib/gcc/arm-none-eabi/12.3.1/../../../../arm-none-eabi/lib/thumb/v8-m.main+fp/hard\libc_nano.a(libc_a-memmove.o)
                              ./Drivers/STM32U5xx_HAL_Driver/Src/stm32u5xx_hal_dma_ex.o (memmove)
C:/ST/STM32CubeIDE_1.14.1/STM32CubeIDE/plugins/com.st.stm32cube.ide.mcu.externaltools.gnu-tools-for-stm32.12.3.rel1.win32_1.0.100.202403111256/tools/bin/../lib/gcc/arm-none-eabi/12.3.1/../../../../arm-none-eabi/lib/thumb/v8-m.main+fp/hard\libc_nano.a(libc_a-memset.o)
                              C:/ST/STM32CubeIDE_1.14.1/STM32CubeIDE/plugins/com.st.stm32cube.ide.mcu.externaltools.gnu-tools-for-stm32.12.3.rel1.win32_1.0.100.202403111256/tools/bin/../lib/gcc/arm-none-eabi/12.3.1/../../../../arm-none-eabi/lib/thumb/v8-m.main+fp/hard/crt0.o (memset)
C:/ST/STM32CubeIDE_1.14.1/STM32CubeIDE/plugins/com.st.stm32cube.ide.mcu.externaltools.gnu-tools-for-stm32.12.3.rel1.win32_1.0.100.202403111256/tools/bin/../lib/gcc/arm-none-eabi/12.3.1/../../../../arm-none-eabi/lib/thumb/v8-m.main+fp/hard\libc_nano.a(libc_a-closer.o)
                              C:/ST/STM32CubeIDE_1.14.1/STM32CubeIDE/plugins/com.st.stm32cube.ide.mcu.externaltools.gnu-tools-for-stm32.12.3.rel1.win32_1.0.100.202403111256/tools/bin/../lib/gcc/arm-none-eabi/12.3.1/../../../../arm-none-eabi/lib/thumb/v8-m.main+fp/hard\libc_nano.a(libc_a-stdio.o) (_close_r)
C:/ST/STM32CubeIDE_1.14.1/STM32CubeIDE/plugins/com.st.stm32cube.ide.mcu.externaltools.gnu-tools-for-stm32.12.3.rel1.win32_1.0.100.202403111256/tools/bin/../lib/gcc/arm-none-eabi/12.3.1/../../../../arm-none-eabi/lib/thumb/v8-m.main+fp/hard\libc_nano.a(libc_a-reent.o)
                              C:/ST/STM32CubeIDE_1.14.1/STM32CubeIDE/plugins/com.st.stm32cube.ide.mcu.externaltools.gnu-tools-for-stm32.12.3.rel1.win32_1.0.100.202403111256/tools/bin/../lib/gcc/arm-none-eabi/12.3.1/../../../../arm-none-eabi/lib/thumb/v8-m.main+fp/hard\libc_nano.a(libc_a-closer.o) (errno)
C:/ST/STM32CubeIDE_1.14.1/STM32CubeIDE/plugins/com.st.stm32cube.ide.mcu.externaltools.gnu-tools-for-stm32.12.3.rel1.win32_1.0.100.202403111256/tools/bin/../lib/gcc/arm-none-eabi/12.3.1/../../../../arm-none-eabi/lib/thumb/v8-m.main+fp/hard\libc_nano.a(libc_a-impure.o)
[...]
Memory Configuration

Name             Origin             Length             Attributes
RAM              0x20000000         0x000c0000         xrw
SRAM4            0x28000000         0x00004000         xrw
FLASH            0x08000000         0x00200000         xr
*default*        0x00000000         0xffffffff

Linker script and memory map

LOAD C:/ST/STM32CubeIDE_1.14.1/STM32CubeIDE/plugins/com.st.stm32cube.ide.mcu.externaltools.gnu-tools-for-stm32.12.3.rel1.win32_1.0.100.202403111256/tools/bin/../lib/gcc/arm-none-eabi/12.3.1/thumb/v8-m.main+fp/hard/crti.o
LOAD C:/ST/STM32CubeIDE_1.14.1/STM32CubeIDE/plugins/com.st.stm32cube.ide.mcu.externaltools.gnu-tools-for-stm32.12.3.rel1.win32_1.0.100.202403111256/tools/bin/../lib/gcc/arm-none-eabi/12.3.1/thumb/v8-m.main+fp/hard/crtbegin.o
LOAD C:/ST/STM32CubeIDE_1.14.1/STM32CubeIDE/plugins/com.st.stm32cube.ide.mcu.externaltools.gnu-tools-for-stm32.12.3.rel1.win32_1.0.100.202403111256/tools/bin/../lib/gcc/arm-none-eabi/12.3.1/../../../../arm-none-eabi/lib/thumb/v8-m.main+fp/hard/crt0.o
LOAD ./Core/Src/main.o
LOAD ./Core/Src/stm32u5xx_hal_msp.o
LOAD ./Core/Src/stm32u5xx_it.o
LOAD ./Core/Src/syscalls.o
LOAD ./Core/Src/sysmem.o
LOAD ./Core/Src/system_stm32u5xx.o
LOAD ./Core/Startup/startup_stm32u575zitxq.o
LOAD ./DISPLAY/App/app_display.o
LOAD ./DISPLAY/App/stm32_lcd.o
LOAD ./DISPLAY/Target/key_io.o
LOAD ./DISPLAY/Target/lcd_io.o
LOAD ./DISPLAY/Target/lcd_os.o
LOAD ./DISPLAY/Target/mem_io.o
LOAD ./DISPLAY/Target/mem_os.o
LOAD ./Drivers/BSP/Components/mx25l6433f/ospi/mx25l6433f.o
LOAD ./Drivers/BSP/Components/st7789v/st7789v.o
LOAD ./Drivers/BSP/Components/st7789v/st7789v_reg.o
LOAD ./Drivers/STM32U5xx_HAL_Driver/Src/stm32u5xx_hal.o
LOAD ./Drivers/STM32U5xx_HAL_Driver/Src/stm32u5xx_hal_cortex.o
LOAD ./Drivers/STM32U5xx_HAL_Driver/Src/stm32u5xx_hal_dma.o
LOAD ./Drivers/STM32U5xx_HAL_Driver/Src/stm32u5xx_hal_dma_ex.o
LOAD ./Drivers/STM32U5xx_HAL_Driver/Src/stm32u5xx_hal_exti.o
LOAD ./Drivers/STM32U5xx_HAL_Driver/Src/stm32u5xx_hal_flash.o
LOAD ./Drivers/STM32U5xx_HAL_Driver/Src/stm32u5xx_hal_flash_ex.o
LOAD ./Drivers/STM32U5xx_HAL_Driver/Src/stm32u5xx_hal_gpio.o
LOAD ./Drivers/STM32U5xx_HAL_Driver/Src/stm32u5xx_hal_gtzc.o
LOAD ./Drivers/STM32U5xx_HAL_Driver/Src/stm32u5xx_hal_i2c.o
LOAD ./Drivers/STM32U5xx_HAL_Driver/Src/stm32u5xx_hal_i2c_ex.o
LOAD ./Drivers/STM32U5xx_HAL_Driver/Src/stm32u5xx_hal_icache.o
LOAD ./Drivers/STM32U5xx_HAL_Driver/Src/stm32u5xx_hal_ospi.o
LOAD ./Drivers/STM32U5xx_HAL_Driver/Src/stm32u5xx_hal_pwr.o
LOAD ./Drivers/STM32U5xx_HAL_Driver/Src/stm32u5xx_hal_pwr_ex.o
LOAD ./Drivers/STM32U5xx_HAL_Driver/Src/stm32u5xx_hal_rcc.o
LOAD ./Drivers/STM32U5xx_HAL_Driver/Src/stm32u5xx_hal_rcc_ex.o
LOAD ./Drivers/STM32U5xx_HAL_Driver/Src/stm32u5xx_hal_sram.o
LOAD ./Drivers/STM32U5xx_HAL_Driver/Src/stm32u5xx_hal_tim.o
LOAD ./Drivers/STM32U5xx_HAL_Driver/Src/stm32u5xx_hal_tim_ex.o
LOAD ./Drivers/STM32U5xx_HAL_Driver/Src/stm32u5xx_ll_dlyb.o
LOAD ./Drivers/STM32U5xx_HAL_Driver/Src/stm32u5xx_ll_fmc.o
START GROUP
LOAD C:/ST/STM32CubeIDE_1.14.1/STM32CubeIDE/plugins/com.st.stm32cube.ide.mcu.externaltools.gnu-tools-for-stm32.12.3.rel1.win32_1.0.100.202403111256/tools/bin/../lib/gcc/arm-none-eabi/12.3.1/../../../../arm-none-eabi/lib/thumb/v8-m.main+fp/hard\libc_nano.a
LOAD C:/ST/STM32CubeIDE_1.14.1/STM32CubeIDE/plugins/com.st.stm32cube.ide.mcu.externaltools.gnu-tools-for-stm32.12.3.rel1.win32_1.0.100.202403111256/tools/bin/../lib/gcc/arm-none-eabi/12.3.1/../../../../arm-none-eabi/lib/thumb/v8-m.main+fp/hard\libm.a
END GROUP
START GROUP
LOAD C:/ST/STM32CubeIDE_1.14.1/STM32CubeIDE/plugins/com.st.stm32cube.ide.mcu.externaltools.gnu-tools-for-stm32.12.3.rel1.win32_1.0.100.202403111256/tools/bin/../lib/gcc/arm-none-eabi/12.3.1/thumb/v8-m.main+fp/hard\libgcc.a
LOAD C:/ST/STM32CubeIDE_1.14.1/STM32CubeIDE/plugins/com.st.stm32cube.ide.mcu.externaltools.gnu-tools-for-stm32.12.3.rel1.win32_1.0.100.202403111256/tools/bin/../lib/gcc/arm-none-eabi/12.3.1/../../../../arm-none-eabi/lib/thumb/v8-m.main+fp/hard\libc_nano.a
END GROUP
START GROUP
LOAD C:/ST/STM32CubeIDE_1.14.1/STM32CubeIDE/plugins/com.st.stm32cube.ide.mcu.externaltools.gnu-tools-for-stm32.12.3.rel1.win32_1.0.100.202403111256/tools/bin/../lib/gcc/arm-none-eabi/12.3.1/thumb/v8-m.main+fp/hard\libgcc.a
LOAD C:/ST/STM32CubeIDE_1.14.1/STM32CubeIDE/plugins/com.st.stm32cube.ide.mcu.externaltools.gnu-tools-for-stm32.12.3.rel1.win32_1.0.100.202403111256/tools/bin/../lib/gcc/arm-none-eabi/12.3.1/../../../../arm-none-eabi/lib/thumb/v8-m.main+fp/hard\libc_nano.a
LOAD C:/ST/STM32CubeIDE_1.14.1/STM32CubeIDE/plugins/com.st.stm32cube.ide.mcu.externaltools.gnu-tools-for-stm32.12.3.rel1.win32_1.0.100.202403111256/tools/bin/../lib/gcc/arm-none-eabi/12.3.1/../../../../arm-none-eabi/lib/thumb/v8-m.main+fp/hard\libnosys.a
END GROUP
START GROUP
LOAD C:/ST/STM32CubeIDE_1.14.1/STM32CubeIDE/plugins/com.st.stm32cube.ide.mcu.externaltools.gnu-tools-for-stm32.12.3.rel1.win32_1.0.100.202403111256/tools/bin/../lib/gcc/arm-none-eabi/12.3.1/thumb/v8-m.main+fp/hard\libgcc.a
LOAD C:/ST/STM32CubeIDE_1.14.1/STM32CubeIDE/plugins/com.st.stm32cube.ide.mcu.externaltools.gnu-tools-for-stm32.12.3.rel1.win32_1.0.100.202403111256/tools/bin/../lib/gcc/arm-none-eabi/12.3.1/../../../../arm-none-eabi/lib/thumb/v8-m.main+fp/hard\libc_nano.a
LOAD C:/ST/STM32CubeIDE_1.14.1/STM32CubeIDE/plugins/com.st.stm32cube.ide.mcu.externaltools.gnu-tools-for-stm32.12.3.rel1.win32_1.0.100.202403111256/tools/bin/../lib/gcc/arm-none-eabi/12.3.1/../../../../arm-none-eabi/lib/thumb/v8-m.main+fp/hard\libnosys.a
END GROUP
LOAD C:/ST/STM32CubeIDE_1.14.1/STM32CubeIDE/plugins/com.st.stm32cube.ide.mcu.externaltools.gnu-tools-for-stm32.12.3.rel1.win32_1.0.100.202403111256/tools/bin/../lib/gcc/arm-none-eabi/12.3.1/thumb/v8-m.main+fp/hard/crtend.o
LOAD C:/ST/STM32CubeIDE_1.14.1/STM32CubeIDE/plugins/com.st.stm32cube.ide.mcu.externaltools.gnu-tools-for-stm32.12.3.rel1.win32_1.0.100.202403111256/tools/bin/../lib/gcc/arm-none-eabi/12.3.1/thumb/v8-m.main+fp/hard/crtn.o
                0x200c0000                        _estack = (ORIGIN (RAM) + LENGTH (RAM))
                0x00000200                        _Min_Heap_Size = 0x200
                0x00000400                        _Min_Stack_Size = 0x400

.isr_vector     0x08000000      0x238
 *(.isr_vector)
 .isr_vector    0x08000000      0x238 ./Core/Startup/startup_stm32u575zitxq.o
                0x08000000                g_pfnVectors

.text           0x08000238     0x6234
 *(.text)
 .text          0x08000238       0x40 C:/ST/STM32CubeIDE_1.14.1/STM32CubeIDE/plugins/com.st.stm32cube.ide.mcu.externaltools.gnu-tools-for-stm32.12.3.rel1.win32_1.0.100.202403111256/tools/bin/../lib/gcc/arm-none-eabi/12.3.1/thumb/v8-m.main+fp/hard/crtbegin.o
 .text          0x08000278       0x10 C:/ST/STM32CubeIDE_1.14.1/STM32CubeIDE/plugins/com.st.stm32cube.ide.mcu.externaltools.gnu-tools-for-stm32.12.3.rel1.win32_1.0.100.202403111256/tools/bin/../lib/gcc/arm-none-eabi/12.3.1/../../../../arm-none-eabi/lib/thumb/v8-m.main+fp/hard\libc_nano.a(libc_a-strlen.o)
                0x08000278                strlen
 *(.text*)
 .text.SystemClock_Config
                0x08000288       0x7e ./Core/Src/main.o
                0x08000288                SystemClock_Config
 *fill*         0x08000306        0x2 
 .text.startup.main
                0x08000308      0x358 ./Core/Src/main.o
                0x08000308                main
 .text.Error_Handler
                0x08000660        0x4 ./Core/Src/main.o
                0x08000660                Error_Handler
 .text.HAL_MspInit
                0x08000664       0x28 ./Core/Src/stm32u5xx_hal_msp.o
                0x08000664                HAL_MspInit
 .text.HAL_OSPI_MspInit
                0x0800068c      0x114 ./Core/Src/stm32u5xx_hal_msp.o
                0x0800068c                HAL_OSPI_MspInit
 .text.HAL_OSPI_MspDeInit
                0x080007a0       0x5c ./Core/Src/stm32u5xx_hal_msp.o
                0x080007a0                HAL_OSPI_MspDeInit
 .text.HAL_SRAM_MspInit
                0x080007fc       0x70 ./Core/Src/stm32u5xx_hal_msp.o
                0x080007fc                HAL_SRAM_MspInit
 .text.NMI_Handler
                0x0800086c        0x2 ./Core/Src/stm32u5xx_it.o
                0x0800086c                NMI_Handler
 .text.HardFault_Handler
                0x0800086e        0x2 ./Core/Src/stm32u5xx_it.o
                0x0800086e                HardFault_Handler
 .text.MemManage_Handler
                0x08000870        0x2 ./Core/Src/stm32u5xx_it.o
                0x08000870                MemManage_Handler
 .text.BusFault_Handler
                0x08000872        0x2 ./Core/Src/stm32u5xx_it.o
                0x08000872                BusFault_Handler
 .text.UsageFault_Handler
                0x08000874        0x2 ./Core/Src/stm32u5xx_it.o
                0x08000874                UsageFault_Handler
 .text.SVC_Handler
                0x08000876        0x2 ./Core/Src/stm32u5xx_it.o
                0x08000876                SVC_Handler
 .text.DebugMon_Handler
                0x08000878        0x2 ./Core/Src/stm32u5xx_it.o
                0x08000878                DebugMon_Handler
 .text.PendSV_Handler
                0x0800087a        0x2 ./Core/Src/stm32u5xx_it.o
                0x0800087a                PendSV_Handler
 .text.SysTick_Handler
                0x0800087c        0x4 ./Core/Src/stm32u5xx_it.o
                0x0800087c                SysTick_Handler
 .text.EXTI13_IRQHandler
                0x08000880        0x8 ./Core/Src/stm32u5xx_it.o
                0x08000880                EXTI13_IRQHandler
 .text.GPDMA1_Channel13_IRQHandler
                0x08000888        0xc ./Core/Src/stm32u5xx_it.o
                0x08000888                GPDMA1_Channel13_IRQHandler
 .text.SystemInit
                0x08000894       0x44 ./Core/Src/system_stm32u5xx.o
                0x08000894                SystemInit
 .text.Reset_Handler
                0x080008d8       0x50 ./Core/Startup/startup_stm32u575zitxq.o
                0x080008d8                Reset_Handler
 .text.Default_Handler
                0x08000928        0x2 ./Core/Startup/startup_stm32u575zitxq.o
                0x08000928                EXTI2_IRQHandler
                0x08000928                TIM8_TRG_COM_IRQHandler
                0x08000928                TIM8_CC_IRQHandler
                0x08000928                EXTI5_IRQHandler
                0x08000928                FLASH_S_IRQHandler
                0x08000928                TIM1_CC_IRQHandler
                0x08000928                TSC_IRQHandler
                0x08000928                TAMP_IRQHandler
                0x08000928                TIM6_IRQHandler
                0x08000928                EXTI12_IRQHandler
                0x08000928                CORDIC_IRQHandler
                0x08000928                EXTI3_IRQHandler
                0x08000928                LPTIM4_IRQHandler
                0x08000928                GPDMA1_Channel5_IRQHandler
                0x08000928                EXTI8_IRQHandler
                0x08000928                LPTIM2_IRQHandler
                0x08000928                I2C3_ER_IRQHandler
                0x08000928                PWR_S3WU_IRQHandler
                0x08000928                MDF1_FLT2_IRQHandler
                0x08000928                LPDMA1_Channel3_IRQHandler
                0x08000928                LPTIM3_IRQHandler
                0x08000928                EXTI0_IRQHandler
                0x08000928                I2C2_EV_IRQHandler
                0x08000928                FPU_IRQHandler
                0x08000928                GPDMA1_Channel3_IRQHandler
                0x08000928                GPDMA1_Channel7_IRQHandler
                0x08000928                MDF1_FLT4_IRQHandler
                0x08000928                FDCAN1_IT1_IRQHandler
                0x08000928                RAMCFG_IRQHandler
                0x08000928                GPDMA1_Channel9_IRQHandler
                0x08000928                DCACHE1_IRQHandler
                0x08000928                SPI1_IRQHandler
                0x08000928                OCTOSPI1_IRQHandler
                0x08000928                GPDMA1_Channel2_IRQHandler
                0x08000928                TIM8_UP_IRQHandler
                0x08000928                RCC_S_IRQHandler
                0x08000928                OCTOSPI2_IRQHandler
                0x08000928                SAI2_IRQHandler
                0x08000928                MDF1_FLT1_IRQHandler
                0x08000928                ADC1_IRQHandler
                0x08000928                MDF1_FLT5_IRQHandler
                0x08000928                EXTI15_IRQHandler
                0x08000928                TIM17_IRQHandler
                0x08000928                USART3_IRQHandler
                0x08000928                RTC_IRQHandler
                0x08000928                EXTI9_IRQHandler
                0x08000928                UART5_IRQHandler
                0x08000928                TIM4_IRQHandler
                0x08000928                I2C1_EV_IRQHandler
                0x08000928                GPDMA1_Channel12_IRQHandler
                0x08000928                GPDMA1_Channel1_IRQHandler
                0x08000928                TIM16_IRQHandler
                0x08000928                GPDMA1_Channel15_IRQHandler
                0x08000928                UART4_IRQHandler
                0x08000928                SecureFault_Handler
                0x08000928                TIM3_IRQHandler
                0x08000928                RCC_IRQHandler
                0x08000928                TIM1_TRG_COM_IRQHandler
                0x08000928                Default_Handler
                0x08000928                GPDMA1_Channel8_IRQHandler
                0x08000928                FMAC_IRQHandler
                0x08000928                GPDMA1_Channel11_IRQHandler
                0x08000928                TIM7_IRQHandler
                0x08000928                SDMMC1_IRQHandler
                0x08000928                TIM5_IRQHandler
                0x08000928                UCPD1_IRQHandler
                0x08000928                GPDMA1_Channel0_IRQHandler
                0x08000928                TIM15_IRQHandler
                0x08000928                I2C3_EV_IRQHandler
                0x08000928                LPDMA1_Channel0_IRQHandler
                0x08000928                PVD_PVM_IRQHandler
                0x08000928                SPI2_IRQHandler
                0x08000928                LPDMA1_Channel1_IRQHandler
                0x08000928                EXTI14_IRQHandler
                0x08000928                EXTI11_IRQHandler
                0x08000928                CRS_IRQHandler
                0x08000928                GPDMA1_Channel14_IRQHandler
                0x08000928                LSECSSD_IRQHandler
                0x08000928                EXTI4_IRQHandler
                0x08000928                RTC_S_IRQHandler
                0x08000928                RNG_IRQHandler
                0x08000928                COMP_IRQHandler
                0x08000928                TIM1_UP_IRQHandler
                0x08000928                ADC4_IRQHandler
                0x08000928                WWDG_IRQHandler
                0x08000928                I2C4_EV_IRQHandler
                0x08000928                ADF1_IRQHandler
                0x08000928                IWDG_IRQHandler
                0x08000928                LPUART1_IRQHandler
                0x08000928                MDF1_FLT0_IRQHandler
                0x08000928                FDCAN1_IT0_IRQHandler
                0x08000928                TIM2_IRQHandler
                0x08000928                GPDMA1_Channel4_IRQHandler
                0x08000928                EXTI7_IRQHandler
                0x08000928                DMA2D_IRQHandler
                0x08000928                TIM1_BRK_IRQHandler
                0x08000928                EXTI1_IRQHandler
                0x08000928                SDMMC2_IRQHandler
                0x08000928                DAC1_IRQHandler
                0x08000928                GTZC_IRQHandler
                0x08000928                MDF1_FLT3_IRQHandler
                0x08000928                USART2_IRQHandler
                0x08000928                GPDMA1_Channel6_IRQHandler
                0x08000928                I2C2_ER_IRQHandler
                0x08000928                TIM8_BRK_IRQHandler
                0x08000928                FLASH_IRQHandler
                0x08000928                USART1_IRQHandler
                0x08000928                EXTI10_IRQHandler
                0x08000928                OTG_FS_IRQHandler
                0x08000928                SPI3_IRQHandler
                0x08000928                LPDMA1_Channel2_IRQHandler
                0x08000928                I2C1_ER_IRQHandler
                0x08000928                FMC_IRQHandler
                0x08000928                EXTI6_IRQHandler
                0x08000928                LPTIM1_IRQHandler
                0x08000928                DCMI_PSSI_IRQHandler
                0x08000928                I2C4_ER_IRQHandler
                0x08000928                GPDMA1_Channel10_IRQHandler
                0x08000928                ICACHE_IRQHandler
                0x08000928                SAI1_IRQHandler
                0x08000928                HASH_IRQHandler
 .text.BSP_LCD_GetPixelFormat
                0x0800092a        0xe ./DISPLAY/App/app_display.o
 .text.BSP_LCD_FillRect
                0x08000938       0x9c ./DISPLAY/App/app_display.o
 .text.BSP_LCD_FillRGBRect2
                0x080009d4       0x2c ./DISPLAY/App/app_display.o
 .text.Display_Image
                0x08000a00       0x60 ./DISPLAY/App/app_display.o
 .text.Display_DemoDescription
                0x08000a60       0xa0 ./DISPLAY/App/app_display.o
 .text.MX_DISPLAY_Init
                0x08000b00      0x29c ./DISPLAY/App/app_display.o
                0x08000b00                MX_DISPLAY_Init
 .text.MX_DISPLAY_Process
                0x08000d9c      0x368 ./DISPLAY/App/app_display.o
                0x08000d9c                MX_DISPLAY_Process
 .text.BSP_LCD_SignalTearingEffectEvent
                0x08001104       0x18 ./DISPLAY/App/app_display.o
                0x08001104                BSP_LCD_SignalTearingEffectEvent
 .text.UTIL_LCD_SetFuncDriver
                0x0800111c       0x60 ./DISPLAY/App/stm32_lcd.o
                0x0800111c                UTIL_LCD_SetFuncDriver
 .text.UTIL_LCD_SetTextColor
                0x0800117c       0x10 ./DISPLAY/App/stm32_lcd.o
                0x0800117c                UTIL_LCD_SetTextColor
 .text.UTIL_LCD_SetBackColor
                0x0800118c       0x10 ./DISPLAY/App/stm32_lcd.o
                0x0800118c                UTIL_LCD_SetBackColor
 .text.UTIL_LCD_SetFont
                0x0800119c       0x10 ./DISPLAY/App/stm32_lcd.o
                0x0800119c                UTIL_LCD_SetFont
 .text.UTIL_LCD_FillRGBRect
                0x080011ac       0x24 ./DISPLAY/App/stm32_lcd.o
                0x080011ac                UTIL_LCD_FillRGBRect
 .text.UTIL_LCD_DisplayChar
                0x080011d0      0x1bc ./DISPLAY/App/stm32_lcd.o
                0x080011d0                UTIL_LCD_DisplayChar
 .text.UTIL_LCD_DisplayStringAt
                0x0800138c       0x98 ./DISPLAY/App/stm32_lcd.o
                0x0800138c                UTIL_LCD_DisplayStringAt
 .text.UTIL_LCD_FillRect
                0x08001424       0x48 ./DISPLAY/App/stm32_lcd.o
                0x08001424                UTIL_LCD_FillRect
 .text.BSP_KEY_Init
                0x0800146c       0x10 ./DISPLAY/Target/key_io.o
                0x0800146c                BSP_KEY_Init
 .text.BSP_KEY_SetOrientation
                0x0800147c       0x18 ./DISPLAY/Target/key_io.o
                0x0800147c                BSP_KEY_SetOrientation
 .text.BSP_KEY_GetState
                0x08001494       0xd0 ./DISPLAY/Target/key_io.o
                0x08001494                BSP_KEY_GetState
 .text.DMA_TxErrorCallback
                0x08001564        0x4 ./DISPLAY/Target/lcd_io.o
 .text.LCD_IO_DeInit
                0x08001568        0x4 ./DISPLAY/Target/lcd_io.o
 .text.LCD_IO_WriteReg
                0x0800156c       0x10 ./DISPLAY/Target/lcd_io.o
 .text.LCD_IO_ReadReg
                0x0800157c        0x6 ./DISPLAY/Target/lcd_io.o
 *fill*         0x08001582        0x2 
 .text.LCD_IO_SendData
                0x08001584       0x1c ./DISPLAY/Target/lcd_io.o
 .text.LCD_IO_RecvData
                0x080015a0       0x22 ./DISPLAY/Target/lcd_io.o
 .text.LCD_IO_Delay
                0x080015c2        0xa ./DISPLAY/Target/lcd_io.o
 .text.LCD_IO_GetTick
                0x080015cc        0x4 ./DISPLAY/Target/lcd_io.o
 .text.LCD_IO_Init
                0x080015d0       0x70 ./DISPLAY/Target/lcd_io.o
 .text.LCD_IO_SendDataDMA
                0x08001640      0x150 ./DISPLAY/Target/lcd_io.o
 .text.LCD_IO_RecvDataDMA
                0x08001790        0x6 ./DISPLAY/Target/lcd_io.o
 *fill*         0x08001796        0x2 
 .text.BSP_LCD_Init
                0x08001798       0xfc ./DISPLAY/Target/lcd_io.o
                0x08001798                BSP_LCD_Init
 .text.BSP_LCD_SetOrientation
                0x08001894       0x48 ./DISPLAY/Target/lcd_io.o
                0x08001894                BSP_LCD_SetOrientation
 .text.BSP_LCD_GetOrientation
                0x080018dc       0x48 ./DISPLAY/Target/lcd_io.o
                0x080018dc                BSP_LCD_GetOrientation
 .text.BSP_LCD_GetXSize
                0x08001924       0x48 ./DISPLAY/Target/lcd_io.o
                0x08001924                BSP_LCD_GetXSize
 .text.BSP_LCD_GetYSize
                0x0800196c       0x48 ./DISPLAY/Target/lcd_io.o
                0x0800196c                BSP_LCD_GetYSize
 .text.BSP_LCD_DisplayOn
                0x080019b4       0x44 ./DISPLAY/Target/lcd_io.o
                0x080019b4                BSP_LCD_DisplayOn
 .text.BSP_LCD_WriteData
                0x080019f8       0x40 ./DISPLAY/Target/lcd_io.o
                0x080019f8                BSP_LCD_WriteData
 .text.BSP_LCD_WriteDataDMA
                0x08001a38       0x38 ./DISPLAY/Target/lcd_io.o
                0x08001a38                BSP_LCD_WriteDataDMA
 .text.BSP_LCD_SetDisplayWindow
                0x08001a70       0x60 ./DISPLAY/Target/lcd_io.o
                0x08001a70                BSP_LCD_SetDisplayWindow
 .text.BSP_LCD_FillRGBRect
                0x08001ad0       0x48 ./DISPLAY/Target/lcd_io.o
                0x08001ad0                BSP_LCD_FillRGBRect
 .text.BSP_LCD_WaitForTransferToBeDone
                0x08001b18        0x8 ./DISPLAY/Target/lcd_io.o
                0x08001b18                BSP_LCD_WaitForTransferToBeDone
 .text.BSP_LCD_SignalTransferDone
                0x08001b20        0x2 ./DISPLAY/Target/lcd_io.o
                0x08001b20                BSP_LCD_SignalTransferDone
 *fill*         0x08001b22        0x2 
 .text.DMA_TxCpltCallback
                0x08001b24       0x1c ./DISPLAY/Target/lcd_io.o
 .text.LCD_TEFallingCallback
                0x08001b40       0x1c ./DISPLAY/Target/lcd_io.o
 .text.LCD_TERisingCallback
                0x08001b5c       0x1c ./DISPLAY/Target/lcd_io.o
 .text.LCD_OS_Initialize
                0x08001b78        0xc ./DISPLAY/Target/lcd_os.o
                0x08001b78                LCD_OS_Initialize
 .text.LCD_OS_Unlock
                0x08001b84       0x10 ./DISPLAY/Target/lcd_os.o
                0x08001b84                LCD_OS_Unlock
 .text.LCD_OS_UnlockFromISR
                0x08001b94       0x10 ./DISPLAY/Target/lcd_os.o
                0x08001b94                LCD_OS_UnlockFromISR
 .text.LCD_OS_TryLock
                0x08001ba4       0x34 ./DISPLAY/Target/lcd_os.o
                0x08001ba4                LCD_OS_TryLock
 .text.LCD_OS_WaitForTransferToBeDone
                0x08001bd8       0x14 ./DISPLAY/Target/lcd_os.o
                0x08001bd8                LCD_OS_WaitForTransferToBeDone
 .text.MEM_IO_Init
                0x08001bec        0x4 ./DISPLAY/Target/mem_io.o
 .text.MEM_IO_DeInit
                0x08001bf0       0x18 ./DISPLAY/Target/mem_io.o
 .text.BSP_MEM_Init
                0x08001c08       0xb0 ./DISPLAY/Target/mem_io.o
                0x08001c08                BSP_MEM_Init
 .text.MEM_OS_Initialize
                0x08001cb8        0xc ./DISPLAY/Target/mem_os.o
                0x08001cb8                MEM_OS_Initialize
 .text.MX25L6433F_DeInit
                0x08001cc4       0x26 ./Drivers/BSP/Components/mx25l6433f/ospi/mx25l6433f.o
                0x08001cc4                MX25L6433F_DeInit
 .text.MX25L6433F_GetFlashInfo
                0x08001cea       0x30 ./Drivers/BSP/Components/mx25l6433f/ospi/mx25l6433f.o
                0x08001cea                MX25L6433F_GetFlashInfo
 .text.MX25L6433F_ResetEnable
                0x08001d1a       0x3e ./Drivers/BSP/Components/mx25l6433f/ospi/mx25l6433f.o
                0x08001d1a                MX25L6433F_ResetEnable
 .text.MX25L6433F_ResetMemory
                0x08001d58       0x46 ./Drivers/BSP/Components/mx25l6433f/ospi/mx25l6433f.o
                0x08001d58                MX25L6433F_ResetMemory
 .text.MX25L6433F_RegisterBusIO
                0x08001d9e       0x2c ./Drivers/BSP/Components/mx25l6433f/ospi/mx25l6433f.o
                0x08001d9e                MX25L6433F_RegisterBusIO
 .text.MX25L6433F_AutoPollingMemReady
                0x08001dca       0x68 ./Drivers/BSP/Components/mx25l6433f/ospi/mx25l6433f.o
                0x08001dca                MX25L6433F_AutoPollingMemReady
 .text.MX25L6433F_Read
                0x08001e32       0xb8 ./Drivers/BSP/Components/mx25l6433f/ospi/mx25l6433f.o
                0x08001e32                MX25L6433F_Read
 .text.MX25L6433F_ReadDMA
                0x08001eea       0xb4 ./Drivers/BSP/Components/mx25l6433f/ospi/mx25l6433f.o
                0x08001eea                MX25L6433F_ReadDMA
 .text.MX25L6433F_ReadID
                0x08001f9e       0x6a ./Drivers/BSP/Components/mx25l6433f/ospi/mx25l6433f.o
                0x08001f9e                MX25L6433F_ReadID
 .text.MX25L6433F_EnableMemoryMappedMode
                0x08002008       0xa6 ./Drivers/BSP/Components/mx25l6433f/ospi/mx25l6433f.o
                0x08002008                MX25L6433F_EnableMemoryMappedMode
 .text.MX25L6433F_WriteEnable
                0x080020ae       0x88 ./Drivers/BSP/Components/mx25l6433f/ospi/mx25l6433f.o
                0x080020ae                MX25L6433F_WriteEnable
 .text.MX25L6433F_PageProgram
                0x08002136       0x98 ./Drivers/BSP/Components/mx25l6433f/ospi/mx25l6433f.o
                0x08002136                MX25L6433F_PageProgram
 .text.MX25L6433F_PageProgramDMA
                0x080021ce       0x92 ./Drivers/BSP/Components/mx25l6433f/ospi/mx25l6433f.o
                0x080021ce                MX25L6433F_PageProgramDMA
 .text.MX25L6433F_BlockErase
                0x08002260       0xbc ./Drivers/BSP/Components/mx25l6433f/ospi/mx25l6433f.o
                0x08002260                MX25L6433F_BlockErase
 .text.MX25L6433F_ChipErase
                0x0800231c       0x98 ./Drivers/BSP/Components/mx25l6433f/ospi/mx25l6433f.o
                0x0800231c                MX25L6433F_ChipErase
 .text.MX25L6433F_EnableQuadMode
                0x080023b4       0xea ./Drivers/BSP/Components/mx25l6433f/ospi/mx25l6433f.o
                0x080023b4                MX25L6433F_EnableQuadMode
 .text.MX25L6433F_Init
                0x0800249e       0x32 ./Drivers/BSP/Components/mx25l6433f/ospi/mx25l6433f.o
                0x0800249e                MX25L6433F_Init
 .text.ST7789V_DeInit
                0x080024d0        0x4 ./Drivers/BSP/Components/st7789v/st7789v.o
                0x080024d0                ST7789V_DeInit
 .text.ST7789V_GetOrientation
                0x080024d4       0x10 ./Drivers/BSP/Components/st7789v/st7789v.o
                0x080024d4                ST7789V_GetOrientation
 .text.ST7789V_GetXSize
                0x080024e4       0x10 ./Drivers/BSP/Components/st7789v/st7789v.o
                0x080024e4                ST7789V_GetXSize
 .text.ST7789V_GetYSize
                0x080024f4       0x10 ./Drivers/BSP/Components/st7789v/st7789v.o
                0x080024f4                ST7789V_GetYSize
 .text.ST7789V_ReadRegWrap
                0x08002504        0xa ./Drivers/BSP/Components/st7789v/st7789v.o
 .text.ST7789V_WriteRegWrap
                0x0800250e        0xa ./Drivers/BSP/Components/st7789v/st7789v.o
 .text.ST7789V_SendDataWrap
                0x08002518        0xa ./Drivers/BSP/Components/st7789v/st7789v.o
 .text.ST7789V_SendDataDMAWrap
                0x08002522        0xa ./Drivers/BSP/Components/st7789v/st7789v.o
 .text.ST7789V_RecvDataWrap
                0x0800252c        0xa ./Drivers/BSP/Components/st7789v/st7789v.o
 .text.ST7789V_RecvDataDMAWrap
                0x08002536        0xa ./Drivers/BSP/Components/st7789v/st7789v.o
 .text.ST7789V_DisplayOn
                0x08002540       0x1a ./Drivers/BSP/Components/st7789v/st7789v.o
                0x08002540                ST7789V_DisplayOn
 .text.ST7789V_DisplayOff
                0x0800255a       0x1a ./Drivers/BSP/Components/st7789v/st7789v.o
                0x0800255a                ST7789V_DisplayOff
 .text.ST7789V_SetOrientation
                0x08002574       0x68 ./Drivers/BSP/Components/st7789v/st7789v.o
                0x08002574                ST7789V_SetOrientation
 .text.ST7789V_SetDisplayWindow
                0x080025dc       0xbc ./Drivers/BSP/Components/st7789v/st7789v.o
                0x080025dc                ST7789V_SetDisplayWindow
 .text.ST7789V_ReadID
                0x08002698       0xb8 ./Drivers/BSP/Components/st7789v/st7789v.o
                0x08002698                ST7789V_ReadID
 .text.ST7789V_Delay.isra.0
                0x08002750       0x18 ./Drivers/BSP/Components/st7789v/st7789v.o
 .text.ST7789V_Init
                0x08002768      0x46c ./Drivers/BSP/Components/st7789v/st7789v.o
                0x08002768                ST7789V_Init
 .text.ST7789V_RegisterBusIO
                0x08002bd4       0x68 ./Drivers/BSP/Components/st7789v/st7789v.o
                0x08002bd4                ST7789V_RegisterBusIO
 .text.st7789v_write_reg
                0x08002c3c        0x6 ./Drivers/BSP/Components/st7789v/st7789v_reg.o
                0x08002c3c                st7789v_write_reg
 .text.st7789v_send_data
                0x08002c42        0x6 ./Drivers/BSP/Components/st7789v/st7789v_reg.o
                0x08002c42                st7789v_send_data
 .text.st7789v_recv_data
                0x08002c48        0x6 ./Drivers/BSP/Components/st7789v/st7789v_reg.o
                0x08002c48                st7789v_recv_data
 *fill*         0x08002c4e        0x2 
 .text.HAL_InitTick
                0x08002c50       0x90 ./Drivers/STM32U5xx_HAL_Driver/Src/stm32u5xx_hal.o
                0x08002c50                HAL_InitTick
 .text.HAL_Init
                0x08002ce0       0x54 ./Drivers/STM32U5xx_HAL_Driver/Src/stm32u5xx_hal.o
                0x08002ce0                HAL_Init
 .text.HAL_IncTick
                0x08002d34       0x18 ./Drivers/STM32U5xx_HAL_Driver/Src/stm32u5xx_hal.o
                0x08002d34                HAL_IncTick
 .text.HAL_GetTick
                0x08002d4c        0xc ./Drivers/STM32U5xx_HAL_Driver/Src/stm32u5xx_hal.o
                0x08002d4c                HAL_GetTick
 .text.HAL_Delay
                0x08002d58       0x24 ./Drivers/STM32U5xx_HAL_Driver/Src/stm32u5xx_hal.o
                0x08002d58                HAL_Delay
 .text.HAL_NVIC_SetPriorityGrouping
                0x08002d7c       0x24 ./Drivers/STM32U5xx_HAL_Driver/Src/stm32u5xx_hal_cortex.o
                0x08002d7c                HAL_NVIC_SetPriorityGrouping
 .text.HAL_NVIC_SetPriority
                0x08002da0       0x60 ./Drivers/STM32U5xx_HAL_Driver/Src/stm32u5xx_hal_cortex.o
                0x08002da0                HAL_NVIC_SetPriority
 .text.HAL_NVIC_EnableIRQ
                0x08002e00       0x1c ./Drivers/STM32U5xx_HAL_Driver/Src/stm32u5xx_hal_cortex.o
                0x08002e00                HAL_NVIC_EnableIRQ
 .text.HAL_SYSTICK_Config
                0x08002e1c       0x20 ./Drivers/STM32U5xx_HAL_Driver/Src/stm32u5xx_hal_cortex.o
                0x08002e1c                HAL_SYSTICK_Config
 .text.HAL_SYSTICK_CLKSourceConfig
                0x08002e3c       0x74 ./Drivers/STM32U5xx_HAL_Driver/Src/stm32u5xx_hal_cortex.o
                0x08002e3c                HAL_SYSTICK_CLKSourceConfig
 .text.HAL_SYSTICK_GetCLKSourceConfig
                0x08002eb0       0x34 ./Drivers/STM32U5xx_HAL_Driver/Src/stm32u5xx_hal_cortex.o
                0x08002eb0                HAL_SYSTICK_GetCLKSourceConfig
 .text.HAL_DMA_Start_IT
                0x08002ee4       0x7c ./Drivers/STM32U5xx_HAL_Driver/Src/stm32u5xx_hal_dma.o
                0x08002ee4                HAL_DMA_Start_IT
 .text.HAL_DMA_Abort
                0x08002f60       0x94 ./Drivers/STM32U5xx_HAL_Driver/Src/stm32u5xx_hal_dma.o
                0x08002f60                HAL_DMA_Abort
 .text.HAL_DMA_Abort_IT
                0x08002ff4       0x2a ./Drivers/STM32U5xx_HAL_Driver/Src/stm32u5xx_hal_dma.o
                0x08002ff4                HAL_DMA_Abort_IT
 .text.HAL_DMA_IRQHandler
                0x0800301e      0x17e ./Drivers/STM32U5xx_HAL_Driver/Src/stm32u5xx_hal_dma.o
                0x0800301e                HAL_DMA_IRQHandler
 .text.HAL_DMA_RegisterCallback
                0x0800319c       0x38 ./Drivers/STM32U5xx_HAL_Driver/Src/stm32u5xx_hal_dma.o
                0x0800319c                HAL_DMA_RegisterCallback
 .text.HAL_DMA_ConfigChannelAttributes
                0x080031d4       0x3c ./Drivers/STM32U5xx_HAL_Driver/Src/stm32u5xx_hal_dma.o
                0x080031d4                HAL_DMA_ConfigChannelAttributes
 .text.DMA_List_CheckNodesBaseAddresses
                0x08003210       0x22 ./Drivers/STM32U5xx_HAL_Driver/Src/stm32u5xx_hal_dma_ex.o
 .text.DMA_List_CheckNodesTypes
                0x08003232       0x34 ./Drivers/STM32U5xx_HAL_Driver/Src/stm32u5xx_hal_dma_ex.o
 *fill*         0x08003266        0x2 
 .text.DMA_List_FindNode
                0x08003268       0xac ./Drivers/STM32U5xx_HAL_Driver/Src/stm32u5xx_hal_dma_ex.o
 .text.DMA_List_GetCLLRNodeInfo.isra.0
                0x08003314       0x28 ./Drivers/STM32U5xx_HAL_Driver/Src/stm32u5xx_hal_dma_ex.o
 .text.HAL_DMAEx_List_Init
                0x0800333c      0x1f0 ./Drivers/STM32U5xx_HAL_Driver/Src/stm32u5xx_hal_dma_ex.o
                0x0800333c                HAL_DMAEx_List_Init
 .text.HAL_DMAEx_List_Start_IT
                0x0800352c       0xa4 ./Drivers/STM32U5xx_HAL_Driver/Src/stm32u5xx_hal_dma_ex.o
                0x0800352c                HAL_DMAEx_List_Start_IT
 .text.HAL_DMAEx_List_BuildNode
                0x080035d0      0x138 ./Drivers/STM32U5xx_HAL_Driver/Src/stm32u5xx_hal_dma_ex.o
                0x080035d0                HAL_DMAEx_List_BuildNode
 .text.HAL_DMAEx_List_InsertNode_Head
                0x08003708       0x6a ./Drivers/STM32U5xx_HAL_Driver/Src/stm32u5xx_hal_dma_ex.o
                0x08003708                HAL_DMAEx_List_InsertNode_Head
 .text.HAL_DMAEx_List_InsertNode_Tail
                0x08003772       0x8a ./Drivers/STM32U5xx_HAL_Driver/Src/stm32u5xx_hal_dma_ex.o
                0x08003772                HAL_DMAEx_List_InsertNode_Tail
 .text.HAL_DMAEx_List_ResetQ
                0x080037fc       0x82 ./Drivers/STM32U5xx_HAL_Driver/Src/stm32u5xx_hal_dma_ex.o
                0x080037fc                HAL_DMAEx_List_ResetQ
 *fill*         0x0800387e        0x2 
 .text.HAL_DMAEx_List_LinkQ
                0x08003880       0xa0 ./Drivers/STM32U5xx_HAL_Driver/Src/stm32u5xx_hal_dma_ex.o
                0x08003880                HAL_DMAEx_List_LinkQ
 .text.HAL_EXTI_RegisterCallback
                0x08003920       0x1a ./Drivers/STM32U5xx_HAL_Driver/Src/stm32u5xx_hal_exti.o
                0x08003920                HAL_EXTI_RegisterCallback
 .text.HAL_EXTI_GetHandle
                0x0800393a        0xc ./Drivers/STM32U5xx_HAL_Driver/Src/stm32u5xx_hal_exti.o
                0x0800393a                HAL_EXTI_GetHandle
 *fill*         0x08003946        0x2 
 .text.HAL_EXTI_ClearPending
                0x08003948       0x28 ./Drivers/STM32U5xx_HAL_Driver/Src/stm32u5xx_hal_exti.o
                0x08003948                HAL_EXTI_ClearPending
 .text.HAL_GPIO_Init
                0x08003970      0x21c ./Drivers/STM32U5xx_HAL_Driver/Src/stm32u5xx_hal_gpio.o
                0x08003970                HAL_GPIO_Init
 .text.HAL_GPIO_DeInit
                0x08003b8c      0x104 ./Drivers/STM32U5xx_HAL_Driver/Src/stm32u5xx_hal_gpio.o
                0x08003b8c                HAL_GPIO_DeInit
 .text.HAL_GPIO_ReadPin
                0x08003c90        0xc ./Drivers/STM32U5xx_HAL_Driver/Src/stm32u5xx_hal_gpio.o
                0x08003c90                HAL_GPIO_ReadPin
 .text.HAL_GPIO_WritePin
                0x08003c9c        0xa ./Drivers/STM32U5xx_HAL_Driver/Src/stm32u5xx_hal_gpio.o
                0x08003c9c                HAL_GPIO_WritePin
 .text.HAL_GPIO_EXTI_Rising_Callback
                0x08003ca6        0x2 ./Drivers/STM32U5xx_HAL_Driver/Src/stm32u5xx_hal_gpio.o
                0x08003ca6                HAL_GPIO_EXTI_Rising_Callback
 .text.HAL_GPIO_EXTI_Falling_Callback
                0x08003ca8        0x2 ./Drivers/STM32U5xx_HAL_Driver/Src/stm32u5xx_hal_gpio.o
                0x08003ca8                HAL_GPIO_EXTI_Falling_Callback
 *fill*         0x08003caa        0x2 
 .text.HAL_GPIO_EXTI_IRQHandler
                0x08003cac       0x28 ./Drivers/STM32U5xx_HAL_Driver/Src/stm32u5xx_hal_gpio.o
                0x08003cac                HAL_GPIO_EXTI_IRQHandler
 .text.HAL_ICACHE_ConfigAssociativityMode
                0x08003cd4       0x20 ./Drivers/STM32U5xx_HAL_Driver/Src/stm32u5xx_hal_icache.o
                0x08003cd4                HAL_ICACHE_ConfigAssociativityMode
 .text.HAL_ICACHE_Enable
                0x08003cf4       0x14 ./Drivers/STM32U5xx_HAL_Driver/Src/stm32u5xx_hal_icache.o
                0x08003cf4                HAL_ICACHE_Enable
 .text.OSPI_DMACplt
                0x08003d08       0x24 ./Drivers/STM32U5xx_HAL_Driver/Src/stm32u5xx_hal_ospi.o
 .text.OSPI_ConfigCmd
                0x08003d2c      0x1c8 ./Drivers/STM32U5xx_HAL_Driver/Src/stm32u5xx_hal_ospi.o
 .text.OSPI_WaitFlagStateUntilTimeout
                0x08003ef4       0x58 ./Drivers/STM32U5xx_HAL_Driver/Src/stm32u5xx_hal_ospi.o
 .text.HAL_OSPI_Init
                0x08003f4c       0xe8 ./Drivers/STM32U5xx_HAL_Driver/Src/stm32u5xx_hal_ospi.o
                0x08003f4c                HAL_OSPI_Init
 .text.HAL_OSPI_DeInit
                0x08004034       0x26 ./Drivers/STM32U5xx_HAL_Driver/Src/stm32u5xx_hal_ospi.o
                0x08004034                HAL_OSPI_DeInit
 .text.HAL_OSPI_Command
                0x0800405a       0x9e ./Drivers/STM32U5xx_HAL_Driver/Src/stm32u5xx_hal_ospi.o
                0x0800405a                HAL_OSPI_Command
 .text.HAL_OSPI_Transmit
                0x080040f8       0x88 ./Drivers/STM32U5xx_HAL_Driver/Src/stm32u5xx_hal_ospi.o
                0x080040f8                HAL_OSPI_Transmit
 .text.HAL_OSPI_Receive
                0x08004180       0xac ./Drivers/STM32U5xx_HAL_Driver/Src/stm32u5xx_hal_ospi.o
                0x08004180                HAL_OSPI_Receive
 .text.HAL_OSPI_Transmit_DMA
                0x0800422c      0x118 ./Drivers/STM32U5xx_HAL_Driver/Src/stm32u5xx_hal_ospi.o
                0x0800422c                HAL_OSPI_Transmit_DMA
 .text.HAL_OSPI_Receive_DMA
                0x08004344      0x150 ./Drivers/STM32U5xx_HAL_Driver/Src/stm32u5xx_hal_ospi.o
                0x08004344                HAL_OSPI_Receive_DMA
 .text.HAL_OSPI_AutoPolling
                0x08004494       0xa0 ./Drivers/STM32U5xx_HAL_Driver/Src/stm32u5xx_hal_ospi.o
                0x08004494                HAL_OSPI_AutoPolling
 .text.HAL_OSPI_MemoryMapped
                0x08004534       0x5e ./Drivers/STM32U5xx_HAL_Driver/Src/stm32u5xx_hal_ospi.o
                0x08004534                HAL_OSPI_MemoryMapped
 .text.HAL_OSPI_ErrorCallback
                0x08004592        0x2 ./Drivers/STM32U5xx_HAL_Driver/Src/stm32u5xx_hal_ospi.o
                0x08004592                HAL_OSPI_ErrorCallback
 .text.HAL_OSPI_AbortCpltCallback
                0x08004594        0x2 ./Drivers/STM32U5xx_HAL_Driver/Src/stm32u5xx_hal_ospi.o
                0x08004594                HAL_OSPI_AbortCpltCallback
 .text.OSPI_DMAAbortCplt
                0x08004596       0x44 ./Drivers/STM32U5xx_HAL_Driver/Src/stm32u5xx_hal_ospi.o
 .text.HAL_OSPI_RxHalfCpltCallback
                0x080045da        0x2 ./Drivers/STM32U5xx_HAL_Driver/Src/stm32u5xx_hal_ospi.o
                0x080045da                HAL_OSPI_RxHalfCpltCallback
 .text.HAL_OSPI_TxHalfCpltCallback
                0x080045dc        0x2 ./Drivers/STM32U5xx_HAL_Driver/Src/stm32u5xx_hal_ospi.o
                0x080045dc                HAL_OSPI_TxHalfCpltCallback
 .text.OSPI_DMAHalfCplt
                0x080045de       0x1c ./Drivers/STM32U5xx_HAL_Driver/Src/stm32u5xx_hal_ospi.o
 .text.HAL_OSPI_Abort
                0x080045fa       0x80 ./Drivers/STM32U5xx_HAL_Driver/Src/stm32u5xx_hal_ospi.o
                0x080045fa                HAL_OSPI_Abort
 *fill*         0x0800467a        0x2 
 .text.HAL_OSPI_Abort_IT
                0x0800467c       0x74 ./Drivers/STM32U5xx_HAL_Driver/Src/stm32u5xx_hal_ospi.o
                0x0800467c                HAL_OSPI_Abort_IT
 .text.OSPI_DMAError
                0x080046f0       0x34 ./Drivers/STM32U5xx_HAL_Driver/Src/stm32u5xx_hal_ospi.o
 .text.HAL_OSPIM_Config
                0x08004724      0x4f4 ./Drivers/STM32U5xx_HAL_Driver/Src/stm32u5xx_hal_ospi.o
                0x08004724                HAL_OSPIM_Config
 .text.HAL_OSPI_DLYB_SetConfig
                0x08004c18       0x5c ./Drivers/STM32U5xx_HAL_Driver/Src/stm32u5xx_hal_ospi.o
                0x08004c18                HAL_OSPI_DLYB_SetConfig
 .text.HAL_PWREx_ControlVoltageScaling
                0x08004c74       0x80 ./Drivers/STM32U5xx_HAL_Driver/Src/stm32u5xx_hal_pwr_ex.o
                0x08004c74                HAL_PWREx_ControlVoltageScaling
 .text.HAL_PWREx_GetVoltageRange
                0x08004cf4       0x10 ./Drivers/STM32U5xx_HAL_Driver/Src/stm32u5xx_hal_pwr_ex.o
                0x08004cf4                HAL_PWREx_GetVoltageRange
 .text.HAL_PWREx_ConfigSupply
                0x08004d04       0x58 ./Drivers/STM32U5xx_HAL_Driver/Src/stm32u5xx_hal_pwr_ex.o
                0x08004d04                HAL_PWREx_ConfigSupply
 .text.HAL_PWREx_EnableVddIO2
                0x08004d5c       0x10 ./Drivers/STM32U5xx_HAL_Driver/Src/stm32u5xx_hal_pwr_ex.o
                0x08004d5c                HAL_PWREx_EnableVddIO2
 .text.HAL_PWREx_DisableUCPDDeadBattery
                0x08004d6c       0x10 ./Drivers/STM32U5xx_HAL_Driver/Src/stm32u5xx_hal_pwr_ex.o
                0x08004d6c                HAL_PWREx_DisableUCPDDeadBattery
 .text.RCC_SetFlashLatencyFromMSIRange
                0x08004d7c       0xb8 ./Drivers/STM32U5xx_HAL_Driver/Src/stm32u5xx_hal_rcc.o
 .text.HAL_RCC_GetSysClockFreq
                0x08004e34      0x118 ./Drivers/STM32U5xx_HAL_Driver/Src/stm32u5xx_hal_rcc.o
                0x08004e34                HAL_RCC_GetSysClockFreq
 .text.HAL_RCC_ClockConfig
                0x08004f4c      0x29c ./Drivers/STM32U5xx_HAL_Driver/Src/stm32u5xx_hal_rcc.o
                0x08004f4c                HAL_RCC_ClockConfig
 .text.HAL_RCC_GetHCLKFreq
                0x080051e8       0x28 ./Drivers/STM32U5xx_HAL_Driver/Src/stm32u5xx_hal_rcc.o
                0x080051e8                HAL_RCC_GetHCLKFreq
 .text.HAL_RCC_OscConfig
                0x08005210      0x8c0 ./Drivers/STM32U5xx_HAL_Driver/Src/stm32u5xx_hal_rcc.o
                0x08005210                HAL_RCC_OscConfig
 .text.RCCEx_PLL3_Config
                0x08005ad0       0xd8 ./Drivers/STM32U5xx_HAL_Driver/Src/stm32u5xx_hal_rcc_ex.o
 .text.RCCEx_PLL2_Config
                0x08005ba8       0xd8 ./Drivers/STM32U5xx_HAL_Driver/Src/stm32u5xx_hal_rcc_ex.o
 .text.HAL_RCCEx_PeriphCLKConfig
                0x08005c80      0x5a4 ./Drivers/STM32U5xx_HAL_Driver/Src/stm32u5xx_hal_rcc_ex.o
                0x08005c80                HAL_RCCEx_PeriphCLKConfig
 .text.HAL_SRAM_Init
                0x08006224       0x68 ./Drivers/STM32U5xx_HAL_Driver/Src/stm32u5xx_hal_sram.o
                0x08006224                HAL_SRAM_Init
 .text.LL_DLYB_SetDelay
                0x0800628c       0x1c ./Drivers/STM32U5xx_HAL_Driver/Src/stm32u5xx_ll_dlyb.o
                0x0800628c                LL_DLYB_SetDelay
 .text.FMC_NORSRAM_Init
                0x080062a8       0xc4 ./Drivers/STM32U5xx_HAL_Driver/Src/stm32u5xx_ll_fmc.o
                0x080062a8                FMC_NORSRAM_Init
 .text.FMC_NORSRAM_Timing_Init
                0x0800636c       0x50 ./Drivers/STM32U5xx_HAL_Driver/Src/stm32u5xx_ll_fmc.o
                0x0800636c                FMC_NORSRAM_Timing_Init
 .text.FMC_NORSRAM_Extended_Timing_Init
                0x080063bc       0x3e ./Drivers/STM32U5xx_HAL_Driver/Src/stm32u5xx_ll_fmc.o
                0x080063bc                FMC_NORSRAM_Extended_Timing_Init
 .text.memset   0x080063fa       0x10 C:/ST/STM32CubeIDE_1.14.1/STM32CubeIDE/plugins/com.st.stm32cube.ide.mcu.externaltools.gnu-tools-for-stm32.12.3.rel1.win32_1.0.100.202403111256/tools/bin/../lib/gcc/arm-none-eabi/12.3.1/../../../../arm-none-eabi/lib/thumb/v8-m.main+fp/hard\libc_nano.a(libc_a-memset.o)
                0x080063fa                memset
 *fill*         0x0800640a        0x2 
 .text.__libc_init_array
                0x0800640c       0x48 C:/ST/STM32CubeIDE_1.14.1/STM32CubeIDE/plugins/com.st.stm32cube.ide.mcu.externaltools.gnu-tools-for-stm32.12.3.rel1.win32_1.0.100.202403111256/tools/bin/../lib/gcc/arm-none-eabi/12.3.1/../../../../arm-none-eabi/lib/thumb/v8-m.main+fp/hard\libc_nano.a(libc_a-init.o)
                0x0800640c                __libc_init_array
 *(.glue_7)
 .glue_7        0x08006454        0x0 linker stubs
 *(.glue_7t)
 .glue_7t       0x08006454        0x0 linker stubs
 *(.eh_frame)
 .eh_frame      0x08006454        0x0 C:/ST/STM32CubeIDE_1.14.1/STM32CubeIDE/plugins/com.st.stm32cube.ide.mcu.externaltools.gnu-tools-for-stm32.12.3.rel1.win32_1.0.100.202403111256/tools/bin/../lib/gcc/arm-none-eabi/12.3.1/thumb/v8-m.main+fp/hard/crtbegin.o
 *(.init)
 .init          0x08006454        0x4 C:/ST/STM32CubeIDE_1.14.1/STM32CubeIDE/plugins/com.st.stm32cube.ide.mcu.externaltools.gnu-tools-for-stm32.12.3.rel1.win32_1.0.100.202403111256/tools/bin/../lib/gcc/arm-none-eabi/12.3.1/thumb/v8-m.main+fp/hard/crti.o
                0x08006454                _init
 .init          0x08006458        0x8 C:/ST/STM32CubeIDE_1.14.1/STM32CubeIDE/plugins/com.st.stm32cube.ide.mcu.externaltools.gnu-tools-for-stm32.12.3.rel1.win32_1.0.100.202403111256/tools/bin/../lib/gcc/arm-none-eabi/12.3.1/thumb/v8-m.main+fp/hard/crtn.o
 *(.fini)
 .fini          0x08006460        0x4 C:/ST/STM32CubeIDE_1.14.1/STM32CubeIDE/plugins/com.st.stm32cube.ide.mcu.externaltools.gnu-tools-for-stm32.12.3.rel1.win32_1.0.100.202403111256/tools/bin/../lib/gcc/arm-none-eabi/12.3.1/thumb/v8-m.main+fp/hard/crti.o
                0x08006460                _fini
 .fini          0x08006464        0x8 C:/ST/STM32CubeIDE_1.14.1/STM32CubeIDE/plugins/com.st.stm32cube.ide.mcu.externaltools.gnu-tools-for-stm32.12.3.rel1.win32_1.0.100.202403111256/tools/bin/../lib/gcc/arm-none-eabi/12.3.1/thumb/v8-m.main+fp/hard/crtn.o
                0x0800646c                        _etext = .

.vfp11_veneer   0x0800646c        0x0
 .vfp11_veneer  0x0800646c        0x0 linker stubs

.v4_bx          0x0800646c        0x0
 .v4_bx         0x0800646c        0x0 linker stubs

.iplt           0x0800646c        0x0
 .iplt          0x0800646c        0x0 C:/ST/STM32CubeIDE_1.14.1/STM32CubeIDE/plugins/com.st.stm32cube.ide.mcu.externaltools.gnu-tools-for-stm32.12.3.rel1.win32_1.0.100.202403111256/tools/bin/../lib/gcc/arm-none-eabi/12.3.1/thumb/v8-m.main+fp/hard/crtbegin.o

.rodata         0x0800646c     0x2498
 *(.rodata)
 *(.rodata*)
 .rodata.MSIRangeTable
                0x0800646c       0x40 ./Core/Src/system_stm32u5xx.o
                0x0800646c                MSIRangeTable
 .rodata.AHBPrescTable
                0x080064ac       0x10 ./Core/Src/system_stm32u5xx.o
                0x080064ac                AHBPrescTable
 .rodata.Display_DemoDescription.str1.1
                0x080064bc       0x47 ./DISPLAY/App/app_display.o
 .rodata.MX_DISPLAY_Init.str1.1
                0x08006503       0xd1 ./DISPLAY/App/app_display.o
 .rodata.LCD_Driver
                0x080065d4       0x2c ./DISPLAY/App/app_display.o
 .rodata.orientations
                0x08006600       0x20 ./DISPLAY/App/app_display.o
 .rodata.Font8_Table
                0x08006620      0x2f8 ./DISPLAY/App/stm32_lcd.o
                0x08006620                Font8_Table
 .rodata.Font12_Table
                0x08006918      0x474 ./DISPLAY/App/stm32_lcd.o
                0x08006918                Font12_Table
 .rodata.Font16_Table
                0x08006d8c      0xbe0 ./DISPLAY/App/stm32_lcd.o
                0x08006d8c                Font16_Table
 .rodata.Font20_Table
                0x0800796c      0xed8 ./DISPLAY/App/stm32_lcd.o
                0x0800796c                Font20_Table
 .rodata.CSWTCH.23
                0x08008844        0x3 ./DISPLAY/Target/key_io.o
 .rodata.CSWTCH.22
                0x08008847        0x3 ./DISPLAY/Target/key_io.o
 .rodata.CSWTCH.21
                0x0800884a        0x3 ./DISPLAY/Target/key_io.o
 .rodata.CSWTCH.20
                0x0800884d        0x3 ./DISPLAY/Target/key_io.o
 .rodata.MX25L6433F_MEM_Driver
                0x08008850       0x34 ./Drivers/BSP/Components/mx25l6433f/ospi/mx25l6433f.o
                0x08008850                MX25L6433F_MEM_Driver
 .rodata.LPGPIO_Map
                0x08008884       0x80 ./Drivers/STM32U5xx_HAL_Driver/Src/stm32u5xx_hal_gpio.o

.ExtFlashSection
                0x08008920    0xc4e00
 .ExtFlashSection
                0x08008920    0xc4e00 ./DISPLAY/App/app_display.o

.ARM.extab
 *(.ARM.extab* .gnu.linkonce.armextab.*)

.ARM            0x080cd720        0x8
                0x080cd720                        __exidx_start = .
 *(.ARM.exidx*)
 .ARM.exidx     0x080cd720        0x8 C:/ST/STM32CubeIDE_1.14.1/STM32CubeIDE/plugins/com.st.stm32cube.ide.mcu.externaltools.gnu-tools-for-stm32.12.3.rel1.win32_1.0.100.202403111256/tools/bin/../lib/gcc/arm-none-eabi/12.3.1/../../../../arm-none-eabi/lib/thumb/v8-m.main+fp/hard\libc_nano.a(libc_a-strlen.o)
                0x080cd728                        __exidx_end = .

.rel.dyn        0x080cd728        0x0
 .rel.iplt      0x080cd728        0x0 C:/ST/STM32CubeIDE_1.14.1/STM32CubeIDE/plugins/com.st.stm32cube.ide.mcu.externaltools.gnu-tools-for-stm32.12.3.rel1.win32_1.0.100.202403111256/tools/bin/../lib/gcc/arm-none-eabi/12.3.1/thumb/v8-m.main+fp/hard/crtbegin.o

.preinit_array  0x080cd728        0x0
                0x080cd728                        PROVIDE (__preinit_array_start = .)
 *(.preinit_array*)
                0x080cd728                        PROVIDE (__preinit_array_end = .)

.init_array     0x080cd728        0x4
                0x080cd728                        PROVIDE (__init_array_start = .)
 *(SORT_BY_NAME(.init_array.*))
 *(.init_array*)
 .init_array    0x080cd728        0x4 C:/ST/STM32CubeIDE_1.14.1/STM32CubeIDE/plugins/com.st.stm32cube.ide.mcu.externaltools.gnu-tools-for-stm32.12.3.rel1.win32_1.0.100.202403111256/tools/bin/../lib/gcc/arm-none-eabi/12.3.1/thumb/v8-m.main+fp/hard/crtbegin.o
                0x080cd72c                        PROVIDE (__init_array_end = .)

.fini_array     0x080cd72c        0x4
                [!provide]                        PROVIDE (__fini_array_start = .)
 *(SORT_BY_NAME(.fini_array.*))
 *(.fini_array*)
 .fini_array    0x080cd72c        0x4 C:/ST/STM32CubeIDE_1.14.1/STM32CubeIDE/plugins/com.st.stm32cube.ide.mcu.externaltools.gnu-tools-for-stm32.12.3.rel1.win32_1.0.100.202403111256/tools/bin/../lib/gcc/arm-none-eabi/12.3.1/thumb/v8-m.main+fp/hard/crtbegin.o
                [!provide]                        PROVIDE (__fini_array_end = .)
                0x080cd730                        _sidata = LOADADDR (.data)

.data           0x20000000      0x100 load address 0x080cd730
                0x20000000                        _sdata = .
 *(.data)
 *(.data*)
 .data.SystemCoreClock
                0x20000000        0x4 ./Core/Src/system_stm32u5xx.o
                0x20000000                SystemCoreClock
 .data.Images   0x20000004       0x70 ./DISPLAY/App/app_display.o
 .data.key      0x20000074        0x1 ./DISPLAY/App/app_display.o
 *fill*         0x20000075        0x3 
 .data.Font8    0x20000078        0x8 ./DISPLAY/App/stm32_lcd.o
                0x20000078                Font8
 .data.Font12   0x20000080        0x8 ./DISPLAY/App/stm32_lcd.o
                0x20000080                Font12
 .data.Font16   0x20000088        0x8 ./DISPLAY/App/stm32_lcd.o
                0x20000088                Font16
 .data.Font20   0x20000090        0x8 ./DISPLAY/App/stm32_lcd.o
                0x20000090                Font20
 .data.OrientationTab
                0x20000098       0x10 ./Drivers/BSP/Components/st7789v/st7789v.o
 .data.ST7789V_LCD_Driver
                0x200000a8       0x50 ./Drivers/BSP/Components/st7789v/st7789v.o
                0x200000a8                ST7789V_LCD_Driver
 .data.uwTickFreq
                0x200000f8        0x1 ./Drivers/STM32U5xx_HAL_Driver/Src/stm32u5xx_hal.o
                0x200000f8                uwTickFreq
 *fill*         0x200000f9        0x3 
 .data.uwTickPrio
                0x200000fc        0x4 ./Drivers/STM32U5xx_HAL_Driver/Src/stm32u5xx_hal.o
                0x200000fc                uwTickPrio
 *(.RamFunc)
 *(.RamFunc*)
                0x20000100                        _edata = .

.igot.plt       0x20000100        0x0 load address 0x080cd830
 .igot.plt      0x20000100        0x0 C:/ST/STM32CubeIDE_1.14.1/STM32CubeIDE/plugins/com.st.stm32cube.ide.mcu.externaltools.gnu-tools-for-stm32.12.3.rel1.win32_1.0.100.202403111256/tools/bin/../lib/gcc/arm-none-eabi/12.3.1/thumb/v8-m.main+fp/hard/crtbegin.o

.bss            0x20000100     0xcb80 load address 0x080cd830
                0x20000100                        _sbss = .
                0x20000100                        __bss_start__ = _sbss
 *(.bss)
 .bss           0x20000100       0x1c C:/ST/STM32CubeIDE_1.14.1/STM32CubeIDE/plugins/com.st.stm32cube.ide.mcu.externaltools.gnu-tools-for-stm32.12.3.rel1.win32_1.0.100.202403111256/tools/bin/../lib/gcc/arm-none-eabi/12.3.1/thumb/v8-m.main+fp/hard/crtbegin.o
 *(.bss*)
 .bss.hsram1    0x2000011c       0x58 ./Core/Src/main.o
                0x2000011c                hsram1
 .bss.hospi1    0x20000174       0x5c ./Core/Src/main.o
                0x20000174                hospi1
 .bss.handle_GPDMA1_Channel13
                0x200001d0       0x78 ./Core/Src/main.o
                0x200001d0                handle_GPDMA1_Channel13
 .bss.FMC_Initialized
                0x20000248        0x4 ./Core/Src/stm32u5xx_hal_msp.o
 .bss.can_move.0
                0x2000024c        0x1 ./DISPLAY/App/app_display.o
 .bss.orientation_id
                0x2000024d        0x1 ./DISPLAY/App/app_display.o
 *fill*         0x2000024e        0x2 
 .bss.LCD_Orientation
                0x20000250        0x4 ./DISPLAY/App/app_display.o
 .bss.LCD_Height
                0x20000254        0x4 ./DISPLAY/App/app_display.o
 .bss.LCD_Width
                0x20000258        0x4 ./DISPLAY/App/app_display.o
 .bss.image_id  0x2000025c        0x1 ./DISPLAY/App/app_display.o
 *fill*         0x2000025d        0x1 
 .bss.posy      0x2000025e        0x2 ./DISPLAY/App/app_display.o
 .bss.posx      0x20000260        0x2 ./DISPLAY/App/app_display.o
 .bss.posy0     0x20000262        0x2 ./DISPLAY/App/app_display.o
 *fill*         0x20000264       0x1c 
 .bss.CacheBuffer
                0x20000280     0xc800 ./DISPLAY/App/app_display.o
 .bss.TransferAllowed
                0x2000ca80        0x1 ./DISPLAY/App/app_display.o
                0x2000ca80                TransferAllowed
 *fill*         0x2000ca81        0x3 
 .bss.FuncDriver
                0x2000ca84       0x2c ./DISPLAY/App/stm32_lcd.o
 .bss.DrawProp  0x2000cab0       0x40 ./DISPLAY/App/stm32_lcd.o
 .bss.KeyCtx    0x2000caf0        0x4 ./DISPLAY/Target/key_io.o
 *fill*         0x2000caf4        0xc 
 .bss.Nodes.0   0x2000cb00       0x6c ./DISPLAY/Target/lcd_io.o
 .bss.Queue.1   0x2000cb6c       0x18 ./DISPLAY/Target/lcd_io.o
 .bss.ObjCtx    0x2000cb84       0x54 ./DISPLAY/Target/lcd_io.o
 .bss.IOCtx     0x2000cbd8       0x2c ./DISPLAY/Target/lcd_io.o
 .bss.LcdDrv    0x2000cc04        0x4 ./DISPLAY/Target/lcd_io.o
 .bss.LcdCompObj
                0x2000cc08        0x4 ./DISPLAY/Target/lcd_io.o
 .bss.hexti_lcd_te
                0x2000cc0c        0xc ./DISPLAY/Target/lcd_io.o
                0x2000cc0c                hexti_lcd_te
 .bss.lcd_sem   0x2000cc18        0x1 ./DISPLAY/Target/lcd_os.o
 *fill*         0x2000cc19        0x3 
 .bss.ObjCtx    0x2000cc1c       0x28 ./DISPLAY/Target/mem_io.o
 .bss.IOCtx     0x2000cc44       0x20 ./DISPLAY/Target/mem_io.o
 .bss.MemDrv    0x2000cc64        0x4 ./DISPLAY/Target/mem_io.o
 .bss.MemCompObj
                0x2000cc68        0x4 ./DISPLAY/Target/mem_io.o
 .bss.mem_sem   0x2000cc6c        0x1 ./DISPLAY/Target/mem_os.o
 *fill*         0x2000cc6d        0x3 
 .bss.ST7789VCtx
                0x2000cc70        0xc ./Drivers/BSP/Components/st7789v/st7789v.o
 .bss.uwTick    0x2000cc7c        0x4 ./Drivers/STM32U5xx_HAL_Driver/Src/stm32u5xx_hal.o
                0x2000cc7c                uwTick
 *(COMMON)
                0x2000cc80                        _ebss = .
                0x2000cc80                        __bss_end__ = _ebss

._user_heap_stack
                0x2000cc80      0x600 load address 0x080cd830
                0x2000cc80                        . = ALIGN (0x8)
                [!provide]                        PROVIDE (end = .)
                0x2000cc80                        PROVIDE (_end = .)
                0x2000ce80                        . = (. + _Min_Heap_Size)
 *fill*         0x2000cc80      0x200 
                0x2000d280                        . = (. + _Min_Stack_Size)
 *fill*         0x2000ce80      0x400 
                0x2000d280                        . = ALIGN (0x8)

/DISCARD/
 libc.a(*)
 libm.a(*)
 libgcc.a(*)

.ARM.attributes
                0x00000000       0x36
 *(.ARM.attributes)
 .ARM.attributes
                0x00000000       0x26 C:/ST/STM32CubeIDE_1.14.1/STM32CubeIDE/plugins/com.st.stm32cube.ide.mcu.externaltools.gnu-tools-for-stm32.12.3.rel1.win32_1.0.100.202403111256/tools/bin/../lib/gcc/arm-none-eabi/12.3.1/thumb/v8-m.main+fp/hard/crti.o
 .ARM.attributes
                0x00000026       0x38 C:/ST/STM32CubeIDE_1.14.1/STM32CubeIDE/plugins/com.st.stm32cube.ide.mcu.externaltools.gnu-tools-for-stm32.12.3.rel1.win32_1.0.100.202403111256/tools/bin/../lib/gcc/arm-none-eabi/12.3.1/thumb/v8-m.main+fp/hard/crtbegin.o
 .ARM.attributes
                0x0000005e       0x3a ./Core/Src/main.o
 .ARM.attributes
                0x00000098       0x3a ./Core/Src/stm32u5xx_hal_msp.o
 .ARM.attributes
                0x000000d2       0x3a ./Core/Src/stm32u5xx_it.o
 .ARM.attributes
                0x0000010c       0x3a ./Core/Src/system_stm32u5xx.o
 .ARM.attributes
                0x00000146       0x24 ./Core/Startup/startup_stm32u575zitxq.o
 .ARM.attributes
                0x0000016a       0x3a ./DISPLAY/App/app_display.o
 .ARM.attributes
                0x000001a4       0x3a ./DISPLAY/App/stm32_lcd.o
 .ARM.attributes
                0x000001de       0x3a ./DISPLAY/Target/key_io.o
 .ARM.attributes
                0x00000218       0x3a ./DISPLAY/Target/lcd_io.o
 .ARM.attributes
                0x00000252       0x3a ./DISPLAY/Target/lcd_os.o
 .ARM.attributes
                0x0000028c       0x3a ./DISPLAY/Target/mem_io.o
 .ARM.attributes
                0x000002c6       0x3a ./DISPLAY/Target/mem_os.o
 .ARM.attributes
                0x00000300       0x3a ./Drivers/BSP/Components/mx25l6433f/ospi/mx25l6433f.o
 .ARM.attributes
                0x0000033a       0x3a ./Drivers/BSP/Components/st7789v/st7789v.o
 .ARM.attributes
                0x00000374       0x3a ./Drivers/BSP/Components/st7789v/st7789v_reg.o
 .ARM.attributes
                0x000003ae       0x3a ./Drivers/STM32U5xx_HAL_Driver/Src/stm32u5xx_hal.o
 .ARM.attributes
                0x000003e8       0x3a ./Drivers/STM32U5xx_HAL_Driver/Src/stm32u5xx_hal_cortex.o
 .ARM.attributes
                0x00000422       0x3a ./Drivers/STM32U5xx_HAL_Driver/Src/stm32u5xx_hal_dma.o
 .ARM.attributes
                0x0000045c       0x3a ./Drivers/STM32U5xx_HAL_Driver/Src/stm32u5xx_hal_dma_ex.o
 .ARM.attributes
                0x00000496       0x3a ./Drivers/STM32U5xx_HAL_Driver/Src/stm32u5xx_hal_exti.o
 .ARM.attributes
                0x000004d0       0x3a ./Drivers/STM32U5xx_HAL_Driver/Src/stm32u5xx_hal_gpio.o
 .ARM.attributes
                0x0000050a       0x3a ./Drivers/STM32U5xx_HAL_Driver/Src/stm32u5xx_hal_icache.o
 .ARM.attributes
                0x00000544       0x3a ./Drivers/STM32U5xx_HAL_Driver/Src/stm32u5xx_hal_ospi.o
 .ARM.attributes
                0x0000057e       0x3a ./Drivers/STM32U5xx_HAL_Driver/Src/stm32u5xx_hal_pwr_ex.o
 .ARM.attributes
                0x000005b8       0x3a ./Drivers/STM32U5xx_HAL_Driver/Src/stm32u5xx_hal_rcc.o
 .ARM.attributes
                0x000005f2       0x3a ./Drivers/STM32U5xx_HAL_Driver/Src/stm32u5xx_hal_rcc_ex.o
 .ARM.attributes
                0x0000062c       0x3a ./Drivers/STM32U5xx_HAL_Driver/Src/stm32u5xx_hal_sram.o
 .ARM.attributes
                0x00000666       0x3a ./Drivers/STM32U5xx_HAL_Driver/Src/stm32u5xx_ll_dlyb.o
 .ARM.attributes
                0x000006a0       0x3a ./Drivers/STM32U5xx_HAL_Driver/Src/stm32u5xx_ll_fmc.o
 .ARM.attributes
                0x000006da       0x38 C:/ST/STM32CubeIDE_1.14.1/STM32CubeIDE/plugins/com.st.stm32cube.ide.mcu.externaltools.gnu-tools-for-stm32.12.3.rel1.win32_1.0.100.202403111256/tools/bin/../lib/gcc/arm-none-eabi/12.3.1/../../../../arm-none-eabi/lib/thumb/v8-m.main+fp/hard\libc_nano.a(libc_a-memset.o)
 .ARM.attributes
                0x00000712       0x38 C:/ST/STM32CubeIDE_1.14.1/STM32CubeIDE/plugins/com.st.stm32cube.ide.mcu.externaltools.gnu-tools-for-stm32.12.3.rel1.win32_1.0.100.202403111256/tools/bin/../lib/gcc/arm-none-eabi/12.3.1/../../../../arm-none-eabi/lib/thumb/v8-m.main+fp/hard\libc_nano.a(libc_a-init.o)
 .ARM.attributes
                0x0000074a       0x24 C:/ST/STM32CubeIDE_1.14.1/STM32CubeIDE/plugins/com.st.stm32cube.ide.mcu.externaltools.gnu-tools-for-stm32.12.3.rel1.win32_1.0.100.202403111256/tools/bin/../lib/gcc/arm-none-eabi/12.3.1/../../../../arm-none-eabi/lib/thumb/v8-m.main+fp/hard\libc_nano.a(libc_a-strlen.o)
 .ARM.attributes
                0x0000076e       0x26 C:/ST/STM32CubeIDE_1.14.1/STM32CubeIDE/plugins/com.st.stm32cube.ide.mcu.externaltools.gnu-tools-for-stm32.12.3.rel1.win32_1.0.100.202403111256/tools/bin/../lib/gcc/arm-none-eabi/12.3.1/thumb/v8-m.main+fp/hard/crtn.o
OUTPUT(X-Cube-Display-HelloWorld.elf elf32-littlearm)
LOAD linker stubs
LOAD C:/ST/STM32CubeIDE_1.14.1/STM32CubeIDE/plugins/com.st.stm32cube.ide.mcu.externaltools.gnu-tools-for-stm32.12.3.rel1.win32_1.0.100.202403111256/tools/bin/../lib/gcc/arm-none-eabi/12.3.1/../../../../arm-none-eabi/lib/thumb/v8-m.main+fp/hard\libc.a
LOAD C:/ST/STM32CubeIDE_1.14.1/STM32CubeIDE/plugins/com.st.stm32cube.ide.mcu.externaltools.gnu-tools-for-stm32.12.3.rel1.win32_1.0.100.202403111256/tools/bin/../lib/gcc/arm-none-eabi/12.3.1/../../../../arm-none-eabi/lib/thumb/v8-m.main+fp/hard\libm.a
LOAD C:/ST/STM32CubeIDE_1.14.1/STM32CubeIDE/plugins/com.st.stm32cube.ide.mcu.externaltools.gnu-tools-for-stm32.12.3.rel1.win32_1.0.100.202403111256/tools/bin/../lib/gcc/arm-none-eabi/12.3.1/thumb/v8-m.main+fp/hard\libgcc.a

.comment        0x00000000       0x43
 .comment       0x00000000       0x43 ./Core/Src/main.o
                                 0x44 (size before relaxing)
 .comment       0x00000043       0x44 ./Core/Src/stm32u5xx_hal_msp.o
 .comment       0x00000043       0x44 ./Core/Src/stm32u5xx_it.o
 .comment       0x00000043       0x44 ./Core/Src/system_stm32u5xx.o
 .comment       0x00000043       0x44 ./DISPLAY/App/app_display.o
 .comment       0x00000043       0x44 ./DISPLAY/App/stm32_lcd.o
 .comment       0x00000043       0x44 ./DISPLAY/Target/key_io.o
 .comment       0x00000043       0x44 ./DISPLAY/Target/lcd_io.o
 .comment       0x00000043       0x44 ./DISPLAY/Target/lcd_os.o
 .comment       0x00000043       0x44 ./DISPLAY/Target/mem_io.o
 .comment       0x00000043       0x44 ./DISPLAY/Target/mem_os.o
 .comment       0x00000043       0x44 ./Drivers/BSP/Components/mx25l6433f/ospi/mx25l6433f.o
 .comment       0x00000043       0x44 ./Drivers/BSP/Components/st7789v/st7789v.o
 .comment       0x00000043       0x44 ./Drivers/BSP/Components/st7789v/st7789v_reg.o
 .comment       0x00000043       0x44 ./Drivers/STM32U5xx_HAL_Driver/Src/stm32u5xx_hal.o
 .comment       0x00000043       0x44 ./Drivers/STM32U5xx_HAL_Driver/Src/stm32u5xx_hal_cortex.o
 .comment       0x00000043       0x44 ./Drivers/STM32U5xx_HAL_Driver/Src/stm32u5xx_hal_dma.o
 .comment       0x00000043       0x44 ./Drivers/STM32U5xx_HAL_Driver/Src/stm32u5xx_hal_dma_ex.o
 .comment       0x00000043       0x44 ./Drivers/STM32U5xx_HAL_Driver/Src/stm32u5xx_hal_exti.o
 .comment       0x00000043       0x44 ./Drivers/STM32U5xx_HAL_Driver/Src/stm32u5xx_hal_gpio.o
 .comment       0x00000043       0x44 ./Drivers/STM32U5xx_HAL_Driver/Src/stm32u5xx_hal_icache.o
 .comment       0x00000043       0x44 ./Drivers/STM32U5xx_HAL_Driver/Src/stm32u5xx_hal_ospi.o
 .comment       0x00000043       0x44 ./Drivers/STM32U5xx_HAL_Driver/Src/stm32u5xx_hal_pwr_ex.o
 .comment       0x00000043       0x44 ./Drivers/STM32U5xx_HAL_Driver/Src/stm32u5xx_hal_rcc.o
 .comment       0x00000043       0x44 ./Drivers/STM32U5xx_HAL_Driver/Src/stm32u5xx_hal_rcc_ex.o
 .comment       0x00000043       0x44 ./Drivers/STM32U5xx_HAL_Driver/Src/stm32u5xx_hal_sram.o
 .comment       0x00000043       0x44 ./Drivers/STM32U5xx_HAL_Driver/Src/stm32u5xx_ll_dlyb.o
 .comment       0x00000043       0x44 ./Drivers/STM32U5xx_HAL_Driver/Src/stm32u5xx_ll_fmc.o

.debug_frame    0x00000000       0x4c
 .debug_frame   0x00000000       0x20 C:/ST/STM32CubeIDE_1.14.1/STM32CubeIDE/plugins/com.st.stm32cube.ide.mcu.externaltools.gnu-tools-for-stm32.12.3.rel1.win32_1.0.100.202403111256/tools/bin/../lib/gcc/arm-none-eabi/12.3.1/../../../../arm-none-eabi/lib/thumb/v8-m.main+fp/hard\libc_nano.a(libc_a-memset.o)
 .debug_frame   0x00000020       0x2c C:/ST/STM32CubeIDE_1.14.1/STM32CubeIDE/plugins/com.st.stm32cube.ide.mcu.externaltools.gnu-tools-for-stm32.12.3.rel1.win32_1.0.100.202403111256/tools/bin/../lib/gcc/arm-none-eabi/12.3.1/../../../../arm-none-eabi/lib/thumb/v8-m.main+fp/hard\libc_nano.a(libc_a-init.o)
